make: Entering directory '/tmp/tcl-acpi2-linux'
  SYMLINK /tmp/tcl-acpi2-stage/lib/modules/6.18.34-tcl-acpi2/build
  INSTALL /tmp/tcl-acpi2-stage/lib/modules/6.18.34-tcl-acpi2/modules.order
  INSTALL /tmp/tcl-acpi2-stage/lib/modules/6.18.34-tcl-acpi2/modules.builtin
  INSTALL /tmp/tcl-acpi2-stage/lib/modules/6.18.34-tcl-acpi2/modules.builtin.modinfo
  INSTALL /tmp/tcl-acpi2-stage/lib/modules/6.18.34-tcl-acpi2/kernel/arch/arm64/crypto/sha3-ce.ko
  INSTALL /tmp/tcl-acpi2-stage/lib/modules/6.18.34-tcl-acpi2/kernel/arch/arm64/crypto/sm3-ce.ko
  INSTALL /tmp/tcl-acpi2-stage/lib/modules/6.18.34-tcl-acpi2/kernel/fs/quota/quota_v1.ko
  INSTALL /tmp/tcl-acpi2-stage/lib/modules/6.18.34-tcl-acpi2/kernel/fs/quota/quota_v2.ko
  INSTALL /tmp/tcl-acpi2-stage/lib/modules/6.18.34-tcl-acpi2/kernel/fs/quota/quota_tree.ko
  INSTALL /tmp/tcl-acpi2-stage/lib/modules/6.18.34-tcl-acpi2/kernel/fs/fat/msdos.ko
  INSTALL /tmp/tcl-acpi2-stage/lib/modules/6.18.34-tcl-acpi2/kernel/fs/nls/nls_utf8.ko
  INSTALL /tmp/tcl-acpi2-stage/lib/modules/6.18.34-tcl-acpi2/kernel/fs/nls/nls_ucs2_utils.ko
  INSTALL /tmp/tcl-acpi2-stage/lib/modules/6.18.34-tcl-acpi2/kernel/fs/binfmt_misc.ko
  INSTALL /tmp/tcl-acpi2-stage/lib/modules/6.18.34-tcl-acpi2/kernel/fs/netfs/netfs.ko
  INSTALL /tmp/tcl-acpi2-stage/lib/modules/6.18.34-tcl-acpi2/kernel/fs/exfat/exfat.ko
  INSTALL /tmp/tcl-acpi2-stage/lib/modules/6.18.34-tcl-acpi2/kernel/fs/isofs/isofs.ko
  INSTALL /tmp/tcl-acpi2-stage/lib/modules/6.18.34-tcl-acpi2/kernel/fs/hfsplus/hfsplus.ko
  INSTALL /tmp/tcl-acpi2-stage/lib/modules/6.18.34-tcl-acpi2/kernel/fs/hfs/hfs.ko
  INSTALL /tmp/tcl-acpi2-stage/lib/modules/6.18.34-tcl-acpi2/kernel/fs/smb/common/cifs_md4.ko
  INSTALL /tmp/tcl-acpi2-stage/lib/modules/6.18.34-tcl-acpi2/kernel/fs/smb/client/cifs.ko
  INSTALL /tmp/tcl-acpi2-stage/lib/modules/6.18.34-tcl-acpi2/kernel/fs/ntfs3/ntfs3.ko
  INSTALL /tmp/tcl-acpi2-stage/lib/modules/6.18.34-tcl-acpi2/kernel/fs/autofs/autofs4.ko
  INSTALL /tmp/tcl-acpi2-stage/lib/modules/6.18.34-tcl-acpi2/kernel/fs/fuse/fuse.ko
  INSTALL /tmp/tcl-acpi2-stage/lib/modules/6.18.34-tcl-acpi2/kernel/fs/fuse/cuse.ko
  INSTALL /tmp/tcl-acpi2-stage/lib/modules/6.18.34-tcl-acpi2/kernel/fs/fuse/virtiofs.ko
  INSTALL /tmp/tcl-acpi2-stage/lib/modules/6.18.34-tcl-acpi2/kernel/fs/overlayfs/overlay.ko
  INSTALL /tmp/tcl-acpi2-stage/lib/modules/6.18.34-tcl-acpi2/kernel/fs/udf/udf.ko
  INSTALL /tmp/tcl-acpi2-stage/lib/modules/6.18.34-tcl-acpi2/kernel/fs/f2fs/f2fs.ko
  INSTALL /tmp/tcl-acpi2-stage/lib/modules/6.18.34-tcl-acpi2/kernel/crypto/asymmetric_keys/pkcs8_key_parser.ko
  INSTALL /tmp/tcl-acpi2-stage/lib/modules/6.18.34-tcl-acpi2/kernel/crypto/seqiv.ko
  INSTALL /tmp/tcl-acpi2-stage/lib/modules/6.18.34-tcl-acpi2/kernel/crypto/sha1.ko
  INSTALL /tmp/tcl-acpi2-stage/lib/modules/6.18.34-tcl-acpi2/kernel/crypto/sm3_generic.ko
  INSTALL /tmp/tcl-acpi2-stage/lib/modules/6.18.34-tcl-acpi2/kernel/crypto/ctr.ko
  INSTALL /tmp/tcl-acpi2-stage/lib/modules/6.18.34-tcl-acpi2/kernel/crypto/gcm.ko
  INSTALL /tmp/tcl-acpi2-stage/lib/modules/6.18.34-tcl-acpi2/kernel/crypto/ccm.ko
  INSTALL /tmp/tcl-acpi2-stage/lib/modules/6.18.34-tcl-acpi2/kernel/crypto/des_generic.ko
  INSTALL /tmp/tcl-acpi2-stage/lib/modules/6.18.34-tcl-acpi2/kernel/crypto/sm4.ko
  INSTALL /tmp/tcl-acpi2-stage/lib/modules/6.18.34-tcl-acpi2/kernel/crypto/sm4_generic.ko
  INSTALL /tmp/tcl-acpi2-stage/lib/modules/6.18.34-tcl-acpi2/kernel/crypto/michael_mic.ko
  INSTALL /tmp/tcl-acpi2-stage/lib/modules/6.18.34-tcl-acpi2/kernel/crypto/crc32-cryptoapi.ko
  INSTALL /tmp/tcl-acpi2-stage/lib/modules/6.18.34-tcl-acpi2/kernel/crypto/ghash-generic.ko
  INSTALL /tmp/tcl-acpi2-stage/lib/modules/6.18.34-tcl-acpi2/kernel/crypto/algif_rng.ko
  INSTALL /tmp/tcl-acpi2-stage/lib/modules/6.18.34-tcl-acpi2/kernel/crypto/ecc.ko
  INSTALL /tmp/tcl-acpi2-stage/lib/modules/6.18.34-tcl-acpi2/kernel/crypto/ecdh_generic.ko
  INSTALL /tmp/tcl-acpi2-stage/lib/modules/6.18.34-tcl-acpi2/kernel/lib/math/cordic.ko
  INSTALL /tmp/tcl-acpi2-stage/lib/modules/6.18.34-tcl-acpi2/kernel/lib/crc/crc16.ko
  INSTALL /tmp/tcl-acpi2-stage/lib/modules/6.18.34-tcl-acpi2/kernel/lib/crypto/libchacha20poly1305.ko
  INSTALL /tmp/tcl-acpi2-stage/lib/modules/6.18.34-tcl-acpi2/kernel/lib/crypto/libcurve25519.ko
  INSTALL /tmp/tcl-acpi2-stage/lib/modules/6.18.34-tcl-acpi2/kernel/lib/crypto/libdes.ko
  INSTALL /tmp/tcl-acpi2-stage/lib/modules/6.18.34-tcl-acpi2/kernel/lib/crypto/libsm3.ko
  INSTALL /tmp/tcl-acpi2-stage/lib/modules/6.18.34-tcl-acpi2/kernel/lib/ts_kmp.ko
  INSTALL /tmp/tcl-acpi2-stage/lib/modules/6.18.34-tcl-acpi2/kernel/lib/ts_bm.ko
  INSTALL /tmp/tcl-acpi2-stage/lib/modules/6.18.34-tcl-acpi2/kernel/lib/ts_fsm.ko
  INSTALL /tmp/tcl-acpi2-stage/lib/modules/6.18.34-tcl-acpi2/kernel/drivers/bus/mhi/host/mhi.ko
  INSTALL /tmp/tcl-acpi2-stage/lib/modules/6.18.34-tcl-acpi2/kernel/drivers/phy/cadence/phy-cadence-torrent.ko
  INSTALL /tmp/tcl-acpi2-stage/lib/modules/6.18.34-tcl-acpi2/kernel/drivers/phy/cadence/phy-cadence-sierra.ko
  INSTALL /tmp/tcl-acpi2-stage/lib/modules/6.18.34-tcl-acpi2/kernel/drivers/phy/qualcomm/phy-qcom-edp.ko
  INSTALL /tmp/tcl-acpi2-stage/lib/modules/6.18.34-tcl-acpi2/kernel/drivers/phy/qualcomm/phy-qcom-pcie2.ko
  INSTALL /tmp/tcl-acpi2-stage/lib/modules/6.18.34-tcl-acpi2/kernel/drivers/phy/qualcomm/phy-qcom-usb-hs.ko
  INSTALL /tmp/tcl-acpi2-stage/lib/modules/6.18.34-tcl-acpi2/kernel/drivers/phy/qualcomm/phy-qcom-usb-hs-28nm.ko
  INSTALL /tmp/tcl-acpi2-stage/lib/modules/6.18.34-tcl-acpi2/kernel/drivers/phy/qualcomm/phy-qcom-usb-ss.ko
  INSTALL /tmp/tcl-acpi2-stage/lib/modules/6.18.34-tcl-acpi2/kernel/drivers/pinctrl/qcom/pinctrl-sc7280-lpass-lpi.ko
  INSTALL /tmp/tcl-acpi2-stage/lib/modules/6.18.34-tcl-acpi2/kernel/drivers/pinctrl/qcom/pinctrl-lpass-lpi.ko
  INSTALL /tmp/tcl-acpi2-stage/lib/modules/6.18.34-tcl-acpi2/kernel/drivers/gpio/gpio-altera.ko
  INSTALL /tmp/tcl-acpi2-stage/lib/modules/6.18.34-tcl-acpi2/kernel/drivers/gpio/gpio-bd9571mwv.ko
  INSTALL /tmp/tcl-acpi2-stage/lib/modules/6.18.34-tcl-acpi2/kernel/drivers/gpio/gpio-wcd934x.ko
  INSTALL /tmp/tcl-acpi2-stage/lib/modules/6.18.34-tcl-acpi2/kernel/drivers/leds/trigger/ledtrig-oneshot.ko
  INSTALL /tmp/tcl-acpi2-stage/lib/modules/6.18.34-tcl-acpi2/kernel/drivers/leds/trigger/ledtrig-backlight.ko
  INSTALL /tmp/tcl-acpi2-stage/lib/modules/6.18.34-tcl-acpi2/kernel/drivers/leds/trigger/ledtrig-gpio.ko
  INSTALL /tmp/tcl-acpi2-stage/lib/modules/6.18.34-tcl-acpi2/kernel/drivers/leds/trigger/ledtrig-activity.ko
  INSTALL /tmp/tcl-acpi2-stage/lib/modules/6.18.34-tcl-acpi2/kernel/drivers/leds/trigger/ledtrig-transient.ko
  INSTALL /tmp/tcl-acpi2-stage/lib/modules/6.18.34-tcl-acpi2/kernel/drivers/leds/trigger/ledtrig-camera.ko
  INSTALL /tmp/tcl-acpi2-stage/lib/modules/6.18.34-tcl-acpi2/kernel/drivers/leds/trigger/ledtrig-netdev.ko
  INSTALL /tmp/tcl-acpi2-stage/lib/modules/6.18.34-tcl-acpi2/kernel/drivers/leds/trigger/ledtrig-pattern.ko
  INSTALL /tmp/tcl-acpi2-stage/lib/modules/6.18.34-tcl-acpi2/kernel/drivers/leds/trigger/ledtrig-tty.ko
  INSTALL /tmp/tcl-acpi2-stage/lib/modules/6.18.34-tcl-acpi2/kernel/drivers/leds/led-class-multicolor.ko
  INSTALL /tmp/tcl-acpi2-stage/lib/modules/6.18.34-tcl-acpi2/kernel/drivers/leds/leds-cros_ec.ko
  INSTALL /tmp/tcl-acpi2-stage/lib/modules/6.18.34-tcl-acpi2/kernel/drivers/leds/leds-lm3692x.ko
  INSTALL /tmp/tcl-acpi2-stage/lib/modules/6.18.34-tcl-acpi2/kernel/drivers/leds/leds-pca9532.ko
  INSTALL /tmp/tcl-acpi2-stage/lib/modules/6.18.34-tcl-acpi2/kernel/drivers/leds/rgb/leds-qcom-lpg.ko
  INSTALL /tmp/tcl-acpi2-stage/lib/modules/6.18.34-tcl-acpi2/kernel/drivers/video/backlight/lp855x_bl.ko
  INSTALL /tmp/tcl-acpi2-stage/lib/modules/6.18.34-tcl-acpi2/kernel/drivers/video/fbdev/udlfb.ko
  INSTALL /tmp/tcl-acpi2-stage/lib/modules/6.18.34-tcl-acpi2/kernel/drivers/char/ipmi/ipmi_msghandler.ko
  INSTALL /tmp/tcl-acpi2-stage/lib/modules/6.18.34-tcl-acpi2/kernel/drivers/char/ipmi/ipmi_devintf.ko
  INSTALL /tmp/tcl-acpi2-stage/lib/modules/6.18.34-tcl-acpi2/kernel/drivers/char/ipmi/ipmi_si.ko
  INSTALL /tmp/tcl-acpi2-stage/lib/modules/6.18.34-tcl-acpi2/kernel/drivers/clk/qcom/lpass-gfm-sm8250.ko
  INSTALL /tmp/tcl-acpi2-stage/lib/modules/6.18.34-tcl-acpi2/kernel/drivers/clk/clk-bd718x7.ko
  INSTALL /tmp/tcl-acpi2-stage/lib/modules/6.18.34-tcl-acpi2/kernel/drivers/dma/qcom/gpi.ko
  INSTALL /tmp/tcl-acpi2-stage/lib/modules/6.18.34-tcl-acpi2/kernel/drivers/soc/qcom/pdr_interface.ko
  INSTALL /tmp/tcl-acpi2-stage/lib/modules/6.18.34-tcl-acpi2/kernel/drivers/soc/qcom/spm.ko
  INSTALL /tmp/tcl-acpi2-stage/lib/modules/6.18.34-tcl-acpi2/kernel/drivers/soc/qcom/qcom_stats.ko
  INSTALL /tmp/tcl-acpi2-stage/lib/modules/6.18.34-tcl-acpi2/kernel/drivers/soc/qcom/wcnss_ctrl.ko
  INSTALL /tmp/tcl-acpi2-stage/lib/modules/6.18.34-tcl-acpi2/kernel/drivers/soc/qcom/apr.ko
  INSTALL /tmp/tcl-acpi2-stage/lib/modules/6.18.34-tcl-acpi2/kernel/drivers/soc/qcom/icc-bwmon.ko
  INSTALL /tmp/tcl-acpi2-stage/lib/modules/6.18.34-tcl-acpi2/kernel/drivers/soc/qcom/ubwc_config.ko
  INSTALL /tmp/tcl-acpi2-stage/lib/modules/6.18.34-tcl-acpi2/kernel/drivers/virtio/virtio_input.ko
  INSTALL /tmp/tcl-acpi2-stage/lib/modules/6.18.34-tcl-acpi2/kernel/drivers/virtio/virtio_dma_buf.ko
  INSTALL /tmp/tcl-acpi2-stage/lib/modules/6.18.34-tcl-acpi2/kernel/drivers/regulator/tps65132-regulator.ko
  INSTALL /tmp/tcl-acpi2-stage/lib/modules/6.18.34-tcl-acpi2/kernel/drivers/regulator/vctrl-regulator.ko
  INSTALL /tmp/tcl-acpi2-stage/lib/modules/6.18.34-tcl-acpi2/kernel/drivers/gpu/drm/clients/drm_client_lib.ko
  INSTALL /tmp/tcl-acpi2-stage/lib/modules/6.18.34-tcl-acpi2/kernel/drivers/gpu/drm/panel/panel-boe-tv101wum-nl6.ko
  INSTALL /tmp/tcl-acpi2-stage/lib/modules/6.18.34-tcl-acpi2/kernel/drivers/gpu/drm/panel/panel-lvds.ko
  INSTALL /tmp/tcl-acpi2-stage/lib/modules/6.18.34-tcl-acpi2/kernel/drivers/gpu/drm/panel/panel-innolux-p079zca.ko
  INSTALL /tmp/tcl-acpi2-stage/lib/modules/6.18.34-tcl-acpi2/kernel/drivers/gpu/drm/panel/panel-kingdisplay-kd097d04.ko
  INSTALL /tmp/tcl-acpi2-stage/lib/modules/6.18.34-tcl-acpi2/kernel/drivers/gpu/drm/panel/panel-mantix-mlaf057we51.ko
  INSTALL /tmp/tcl-acpi2-stage/lib/modules/6.18.34-tcl-acpi2/kernel/drivers/gpu/drm/panel/panel-raydium-rm67191.ko
  INSTALL /tmp/tcl-acpi2-stage/lib/modules/6.18.34-tcl-acpi2/kernel/drivers/gpu/drm/panel/panel-sitronix-st7703.ko
  INSTALL /tmp/tcl-acpi2-stage/lib/modules/6.18.34-tcl-acpi2/kernel/drivers/gpu/drm/panel/panel-truly-nt35597.ko
  INSTALL /tmp/tcl-acpi2-stage/lib/modules/6.18.34-tcl-acpi2/kernel/drivers/gpu/drm/bridge/cadence/cdns-mhdp8546.ko
  INSTALL /tmp/tcl-acpi2-stage/lib/modules/6.18.34-tcl-acpi2/kernel/drivers/gpu/drm/bridge/tda998x.ko
  INSTALL /tmp/tcl-acpi2-stage/lib/modules/6.18.34-tcl-acpi2/kernel/drivers/gpu/drm/bridge/lontium-lt8912b.ko
  INSTALL /tmp/tcl-acpi2-stage/lib/modules/6.18.34-tcl-acpi2/kernel/drivers/gpu/drm/bridge/lontium-lt9611.ko
  INSTALL /tmp/tcl-acpi2-stage/lib/modules/6.18.34-tcl-acpi2/kernel/drivers/gpu/drm/bridge/lontium-lt9611uxc.ko
  INSTALL /tmp/tcl-acpi2-stage/lib/modules/6.18.34-tcl-acpi2/kernel/drivers/gpu/drm/bridge/sii902x.ko
  INSTALL /tmp/tcl-acpi2-stage/lib/modules/6.18.34-tcl-acpi2/kernel/drivers/gpu/drm/bridge/simple-bridge.ko
  INSTALL /tmp/tcl-acpi2-stage/lib/modules/6.18.34-tcl-acpi2/kernel/drivers/gpu/drm/bridge/thc63lvd1024.ko
  INSTALL /tmp/tcl-acpi2-stage/lib/modules/6.18.34-tcl-acpi2/kernel/drivers/gpu/drm/bridge/adv7511/adv7511.ko
  INSTALL /tmp/tcl-acpi2-stage/lib/modules/6.18.34-tcl-acpi2/kernel/drivers/gpu/drm/bridge/nwl-dsi.ko
  INSTALL /tmp/tcl-acpi2-stage/lib/modules/6.18.34-tcl-acpi2/kernel/drivers/gpu/drm/gud/gud.ko
  INSTALL /tmp/tcl-acpi2-stage/lib/modules/6.18.34-tcl-acpi2/kernel/drivers/gpu/drm/drm_exec.ko
  INSTALL /tmp/tcl-acpi2-stage/lib/modules/6.18.34-tcl-acpi2/kernel/drivers/gpu/drm/drm_gpuvm.ko
  INSTALL /tmp/tcl-acpi2-stage/lib/modules/6.18.34-tcl-acpi2/kernel/drivers/gpu/drm/drm_shmem_helper.ko
  INSTALL /tmp/tcl-acpi2-stage/lib/modules/6.18.34-tcl-acpi2/kernel/drivers/gpu/drm/scheduler/gpu-sched.ko
  INSTALL /tmp/tcl-acpi2-stage/lib/modules/6.18.34-tcl-acpi2/kernel/drivers/gpu/drm/udl/udl.ko
  INSTALL /tmp/tcl-acpi2-stage/lib/modules/6.18.34-tcl-acpi2/kernel/drivers/gpu/drm/virtio/virtio-gpu.ko
  INSTALL /tmp/tcl-acpi2-stage/lib/modules/6.18.34-tcl-acpi2/kernel/drivers/gpu/drm/msm/msm.ko
  INSTALL /tmp/tcl-acpi2-stage/lib/modules/6.18.34-tcl-acpi2/kernel/drivers/base/regmap/regmap-slimbus.ko
  INSTALL /tmp/tcl-acpi2-stage/lib/modules/6.18.34-tcl-acpi2/kernel/drivers/base/regmap/regmap-sdw.ko
  INSTALL /tmp/tcl-acpi2-stage/lib/modules/6.18.34-tcl-acpi2/kernel/drivers/block/nbd.ko
  INSTALL /tmp/tcl-acpi2-stage/lib/modules/6.18.34-tcl-acpi2/kernel/drivers/block/zram/zram.ko
  INSTALL /tmp/tcl-acpi2-stage/lib/modules/6.18.34-tcl-acpi2/kernel/drivers/misc/eeprom/at24.ko
  INSTALL /tmp/tcl-acpi2-stage/lib/modules/6.18.34-tcl-acpi2/kernel/drivers/misc/eeprom/at25.ko
  INSTALL /tmp/tcl-acpi2-stage/lib/modules/6.18.34-tcl-acpi2/kernel/drivers/misc/eeprom/eeprom_93cx6.ko
  INSTALL /tmp/tcl-acpi2-stage/lib/modules/6.18.34-tcl-acpi2/kernel/drivers/misc/qcom-coincell.ko
  INSTALL /tmp/tcl-acpi2-stage/lib/modules/6.18.34-tcl-acpi2/kernel/drivers/misc/fastrpc.ko
  INSTALL /tmp/tcl-acpi2-stage/lib/modules/6.18.34-tcl-acpi2/kernel/drivers/misc/uacce/uacce.ko
  INSTALL /tmp/tcl-acpi2-stage/lib/modules/6.18.34-tcl-acpi2/kernel/drivers/mfd/wcd934x.ko
  INSTALL /tmp/tcl-acpi2-stage/lib/modules/6.18.34-tcl-acpi2/kernel/drivers/nfc/s3fwrn5/s3fwrn5.ko
  INSTALL /tmp/tcl-acpi2-stage/lib/modules/6.18.34-tcl-acpi2/kernel/drivers/nfc/s3fwrn5/s3fwrn5_i2c.ko
  INSTALL /tmp/tcl-acpi2-stage/lib/modules/6.18.34-tcl-acpi2/kernel/drivers/scsi/raid_class.ko
  INSTALL /tmp/tcl-acpi2-stage/lib/modules/6.18.34-tcl-acpi2/kernel/drivers/mtd/nand/raw/brcmnand/brcmnand.ko
  INSTALL /tmp/tcl-acpi2-stage/lib/modules/6.18.34-tcl-acpi2/kernel/drivers/spi/spidev.ko
  INSTALL /tmp/tcl-acpi2-stage/lib/modules/6.18.34-tcl-acpi2/kernel/drivers/spi/spi-dw.ko
  INSTALL /tmp/tcl-acpi2-stage/lib/modules/6.18.34-tcl-acpi2/kernel/drivers/spi/spi-dw-mmio.ko
  INSTALL /tmp/tcl-acpi2-stage/lib/modules/6.18.34-tcl-acpi2/kernel/drivers/net/phy/qcom/qcom-phy-lib.ko
  INSTALL /tmp/tcl-acpi2-stage/lib/modules/6.18.34-tcl-acpi2/kernel/drivers/net/phy/qcom/at803x.ko
  INSTALL /tmp/tcl-acpi2-stage/lib/modules/6.18.34-tcl-acpi2/kernel/drivers/net/phy/mdio-bus.ko
  INSTALL /tmp/tcl-acpi2-stage/lib/modules/6.18.34-tcl-acpi2/kernel/drivers/net/phy/phylink.ko
  INSTALL /tmp/tcl-acpi2-stage/lib/modules/6.18.34-tcl-acpi2/kernel/drivers/net/phy/libphy.ko
  INSTALL /tmp/tcl-acpi2-stage/lib/modules/6.18.34-tcl-acpi2/kernel/drivers/net/phy/mdio_devres.ko
  INSTALL /tmp/tcl-acpi2-stage/lib/modules/6.18.34-tcl-acpi2/kernel/drivers/net/phy/phy_package.ko
  INSTALL /tmp/tcl-acpi2-stage/lib/modules/6.18.34-tcl-acpi2/kernel/drivers/net/phy/aquantia/aquantia.ko
  INSTALL /tmp/tcl-acpi2-stage/lib/modules/6.18.34-tcl-acpi2/kernel/drivers/net/phy/ax88796b.ko
  INSTALL /tmp/tcl-acpi2-stage/lib/modules/6.18.34-tcl-acpi2/kernel/drivers/net/phy/bcm54140.ko
  INSTALL /tmp/tcl-acpi2-stage/lib/modules/6.18.34-tcl-acpi2/kernel/drivers/net/phy/bcm7xxx.ko
  INSTALL /tmp/tcl-acpi2-stage/lib/modules/6.18.34-tcl-acpi2/kernel/drivers/net/phy/bcm-phy-lib.ko
  INSTALL /tmp/tcl-acpi2-stage/lib/modules/6.18.34-tcl-acpi2/kernel/drivers/net/phy/dp83867.ko
  INSTALL /tmp/tcl-acpi2-stage/lib/modules/6.18.34-tcl-acpi2/kernel/drivers/net/phy/fixed_phy.ko
  INSTALL /tmp/tcl-acpi2-stage/lib/modules/6.18.34-tcl-acpi2/kernel/drivers/net/phy/marvell10g.ko
  INSTALL /tmp/tcl-acpi2-stage/lib/modules/6.18.34-tcl-acpi2/kernel/drivers/net/phy/marvell.ko
  INSTALL /tmp/tcl-acpi2-stage/lib/modules/6.18.34-tcl-acpi2/kernel/drivers/net/phy/micrel.ko
  INSTALL /tmp/tcl-acpi2-stage/lib/modules/6.18.34-tcl-acpi2/kernel/drivers/net/phy/microchip.ko
  INSTALL /tmp/tcl-acpi2-stage/lib/modules/6.18.34-tcl-acpi2/kernel/drivers/net/phy/mscc/mscc.ko
  INSTALL /tmp/tcl-acpi2-stage/lib/modules/6.18.34-tcl-acpi2/kernel/drivers/net/phy/realtek/realtek.ko
  INSTALL /tmp/tcl-acpi2-stage/lib/modules/6.18.34-tcl-acpi2/kernel/drivers/net/phy/rockchip.ko
  INSTALL /tmp/tcl-acpi2-stage/lib/modules/6.18.34-tcl-acpi2/kernel/drivers/net/phy/smsc.ko
  INSTALL /tmp/tcl-acpi2-stage/lib/modules/6.18.34-tcl-acpi2/kernel/drivers/net/phy/vitesse.ko
  INSTALL /tmp/tcl-acpi2-stage/lib/modules/6.18.34-tcl-acpi2/kernel/drivers/net/mdio/acpi_mdio.ko
  INSTALL /tmp/tcl-acpi2-stage/lib/modules/6.18.34-tcl-acpi2/kernel/drivers/net/mdio/fwnode_mdio.ko
  INSTALL /tmp/tcl-acpi2-stage/lib/modules/6.18.34-tcl-acpi2/kernel/drivers/net/mdio/of_mdio.ko
  INSTALL /tmp/tcl-acpi2-stage/lib/modules/6.18.34-tcl-acpi2/kernel/drivers/net/mdio/mdio-bcm-unimac.ko
  INSTALL /tmp/tcl-acpi2-stage/lib/modules/6.18.34-tcl-acpi2/kernel/drivers/net/mdio/mdio-mux.ko
  INSTALL /tmp/tcl-acpi2-stage/lib/modules/6.18.34-tcl-acpi2/kernel/drivers/net/mdio/mdio-mux-mmioreg.ko
  INSTALL /tmp/tcl-acpi2-stage/lib/modules/6.18.34-tcl-acpi2/kernel/drivers/net/mdio/mdio-mux-multiplexer.ko
  INSTALL /tmp/tcl-acpi2-stage/lib/modules/6.18.34-tcl-acpi2/kernel/drivers/net/dsa/b53/b53_common.ko
  INSTALL /tmp/tcl-acpi2-stage/lib/modules/6.18.34-tcl-acpi2/kernel/drivers/net/dsa/bcm-sf2.ko
  INSTALL /tmp/tcl-acpi2-stage/lib/modules/6.18.34-tcl-acpi2/kernel/drivers/net/ethernet/qualcomm/emac/qcom-emac.ko
  INSTALL /tmp/tcl-acpi2-stage/lib/modules/6.18.34-tcl-acpi2/kernel/drivers/net/wireless/ath/ath9k/ath9k.ko
  INSTALL /tmp/tcl-acpi2-stage/lib/modules/6.18.34-tcl-acpi2/kernel/drivers/net/wireless/ath/ath9k/ath9k_hw.ko
  INSTALL /tmp/tcl-acpi2-stage/lib/modules/6.18.34-tcl-acpi2/kernel/drivers/net/wireless/ath/ath9k/ath9k_common.ko
  INSTALL /tmp/tcl-acpi2-stage/lib/modules/6.18.34-tcl-acpi2/kernel/drivers/net/wireless/ath/ath9k/ath9k_htc.ko
  INSTALL /tmp/tcl-acpi2-stage/lib/modules/6.18.34-tcl-acpi2/kernel/drivers/net/wireless/ath/carl9170/carl9170.ko
  INSTALL /tmp/tcl-acpi2-stage/lib/modules/6.18.34-tcl-acpi2/kernel/drivers/net/wireless/ath/ath6kl/ath6kl_core.ko
  INSTALL /tmp/tcl-acpi2-stage/lib/modules/6.18.34-tcl-acpi2/kernel/drivers/net/wireless/ath/ath6kl/ath6kl_sdio.ko
  INSTALL /tmp/tcl-acpi2-stage/lib/modules/6.18.34-tcl-acpi2/kernel/drivers/net/wireless/ath/ath6kl/ath6kl_usb.ko
  INSTALL /tmp/tcl-acpi2-stage/lib/modules/6.18.34-tcl-acpi2/kernel/drivers/net/wireless/ath/ar5523/ar5523.ko
  INSTALL /tmp/tcl-acpi2-stage/lib/modules/6.18.34-tcl-acpi2/kernel/drivers/net/wireless/ath/ath10k/ath10k_core.ko
  INSTALL /tmp/tcl-acpi2-stage/lib/modules/6.18.34-tcl-acpi2/kernel/drivers/net/wireless/ath/ath10k/ath10k_usb.ko
  INSTALL /tmp/tcl-acpi2-stage/lib/modules/6.18.34-tcl-acpi2/kernel/drivers/net/wireless/ath/ath10k/ath10k_snoc.ko
  INSTALL /tmp/tcl-acpi2-stage/lib/modules/6.18.34-tcl-acpi2/kernel/drivers/net/wireless/ath/wcn36xx/wcn36xx.ko
  INSTALL /tmp/tcl-acpi2-stage/lib/modules/6.18.34-tcl-acpi2/kernel/drivers/net/wireless/ath/ath11k/ath11k.ko
  INSTALL /tmp/tcl-acpi2-stage/lib/modules/6.18.34-tcl-acpi2/kernel/drivers/net/wireless/ath/ath11k/ath11k_ahb.ko
  INSTALL /tmp/tcl-acpi2-stage/lib/modules/6.18.34-tcl-acpi2/kernel/drivers/net/wireless/ath/ath.ko
  INSTALL /tmp/tcl-acpi2-stage/lib/modules/6.18.34-tcl-acpi2/kernel/drivers/net/wireless/broadcom/b43/b43.ko
  INSTALL /tmp/tcl-acpi2-stage/lib/modules/6.18.34-tcl-acpi2/kernel/drivers/net/wireless/broadcom/b43legacy/b43legacy.ko
  INSTALL /tmp/tcl-acpi2-stage/lib/modules/6.18.34-tcl-acpi2/kernel/drivers/net/wireless/broadcom/brcm80211/brcmutil/brcmutil.ko
  INSTALL /tmp/tcl-acpi2-stage/lib/modules/6.18.34-tcl-acpi2/kernel/drivers/net/wireless/broadcom/brcm80211/brcmfmac/brcmfmac.ko
  INSTALL /tmp/tcl-acpi2-stage/lib/modules/6.18.34-tcl-acpi2/kernel/drivers/net/wireless/broadcom/brcm80211/brcmfmac/wcc/brcmfmac-wcc.ko
  INSTALL /tmp/tcl-acpi2-stage/lib/modules/6.18.34-tcl-acpi2/kernel/drivers/net/wireless/broadcom/brcm80211/brcmfmac/cyw/brcmfmac-cyw.ko
  INSTALL /tmp/tcl-acpi2-stage/lib/modules/6.18.34-tcl-acpi2/kernel/drivers/net/wireless/broadcom/brcm80211/brcmfmac/bca/brcmfmac-bca.ko
  INSTALL /tmp/tcl-acpi2-stage/lib/modules/6.18.34-tcl-acpi2/kernel/drivers/net/wireless/broadcom/brcm80211/brcmsmac/brcmsmac.ko
  INSTALL /tmp/tcl-acpi2-stage/lib/modules/6.18.34-tcl-acpi2/kernel/drivers/net/wireless/marvell/libertas/libertas.ko
  INSTALL /tmp/tcl-acpi2-stage/lib/modules/6.18.34-tcl-acpi2/kernel/drivers/net/wireless/marvell/libertas/usb8xxx.ko
  INSTALL /tmp/tcl-acpi2-stage/lib/modules/6.18.34-tcl-acpi2/kernel/drivers/net/wireless/marvell/libertas/libertas_sdio.ko
  INSTALL /tmp/tcl-acpi2-stage/lib/modules/6.18.34-tcl-acpi2/kernel/drivers/net/wireless/marvell/libertas/libertas_spi.ko
  INSTALL /tmp/tcl-acpi2-stage/lib/modules/6.18.34-tcl-acpi2/kernel/drivers/net/wireless/marvell/libertas_tf/libertas_tf.ko
  INSTALL /tmp/tcl-acpi2-stage/lib/modules/6.18.34-tcl-acpi2/kernel/drivers/net/wireless/marvell/libertas_tf/libertas_tf_usb.ko
  INSTALL /tmp/tcl-acpi2-stage/lib/modules/6.18.34-tcl-acpi2/kernel/drivers/net/wireless/marvell/mwifiex/mwifiex.ko
  INSTALL /tmp/tcl-acpi2-stage/lib/modules/6.18.34-tcl-acpi2/kernel/drivers/net/wireless/marvell/mwifiex/mwifiex_sdio.ko
  INSTALL /tmp/tcl-acpi2-stage/lib/modules/6.18.34-tcl-acpi2/kernel/drivers/net/wireless/marvell/mwifiex/mwifiex_usb.ko
  INSTALL /tmp/tcl-acpi2-stage/lib/modules/6.18.34-tcl-acpi2/kernel/drivers/net/wireless/mediatek/mt7601u/mt7601u.ko
  INSTALL /tmp/tcl-acpi2-stage/lib/modules/6.18.34-tcl-acpi2/kernel/drivers/net/wireless/mediatek/mt76/mt76.ko
  INSTALL /tmp/tcl-acpi2-stage/lib/modules/6.18.34-tcl-acpi2/kernel/drivers/net/wireless/mediatek/mt76/mt76-usb.ko
  INSTALL /tmp/tcl-acpi2-stage/lib/modules/6.18.34-tcl-acpi2/kernel/drivers/net/wireless/mediatek/mt76/mt76-sdio.ko
  INSTALL /tmp/tcl-acpi2-stage/lib/modules/6.18.34-tcl-acpi2/kernel/drivers/net/wireless/mediatek/mt76/mt76x02-lib.ko
  INSTALL /tmp/tcl-acpi2-stage/lib/modules/6.18.34-tcl-acpi2/kernel/drivers/net/wireless/mediatek/mt76/mt76x02-usb.ko
  INSTALL /tmp/tcl-acpi2-stage/lib/modules/6.18.34-tcl-acpi2/kernel/drivers/net/wireless/mediatek/mt76/mt76-connac-lib.ko
  INSTALL /tmp/tcl-acpi2-stage/lib/modules/6.18.34-tcl-acpi2/kernel/drivers/net/wireless/mediatek/mt76/mt792x-lib.ko
  INSTALL /tmp/tcl-acpi2-stage/lib/modules/6.18.34-tcl-acpi2/kernel/drivers/net/wireless/mediatek/mt76/mt792x-usb.ko
  INSTALL /tmp/tcl-acpi2-stage/lib/modules/6.18.34-tcl-acpi2/kernel/drivers/net/wireless/mediatek/mt76/mt76x0/mt76x0u.ko
  INSTALL /tmp/tcl-acpi2-stage/lib/modules/6.18.34-tcl-acpi2/kernel/drivers/net/wireless/mediatek/mt76/mt76x0/mt76x0-common.ko
  INSTALL /tmp/tcl-acpi2-stage/lib/modules/6.18.34-tcl-acpi2/kernel/drivers/net/wireless/mediatek/mt76/mt76x2/mt76x2-common.ko
  INSTALL /tmp/tcl-acpi2-stage/lib/modules/6.18.34-tcl-acpi2/kernel/drivers/net/wireless/mediatek/mt76/mt76x2/mt76x2u.ko
  INSTALL /tmp/tcl-acpi2-stage/lib/modules/6.18.34-tcl-acpi2/kernel/drivers/net/wireless/mediatek/mt76/mt7615/mt7615-common.ko
  INSTALL /tmp/tcl-acpi2-stage/lib/modules/6.18.34-tcl-acpi2/kernel/drivers/net/wireless/mediatek/mt76/mt7615/mt7663-usb-sdio-common.ko
  INSTALL /tmp/tcl-acpi2-stage/lib/modules/6.18.34-tcl-acpi2/kernel/drivers/net/wireless/mediatek/mt76/mt7615/mt7663u.ko
  INSTALL /tmp/tcl-acpi2-stage/lib/modules/6.18.34-tcl-acpi2/kernel/drivers/net/wireless/mediatek/mt76/mt7615/mt7663s.ko
  INSTALL /tmp/tcl-acpi2-stage/lib/modules/6.18.34-tcl-acpi2/kernel/drivers/net/wireless/mediatek/mt76/mt7921/mt7921-common.ko
  INSTALL /tmp/tcl-acpi2-stage/lib/modules/6.18.34-tcl-acpi2/kernel/drivers/net/wireless/mediatek/mt76/mt7921/mt7921s.ko
  INSTALL /tmp/tcl-acpi2-stage/lib/modules/6.18.34-tcl-acpi2/kernel/drivers/net/wireless/mediatek/mt76/mt7921/mt7921u.ko
  INSTALL /tmp/tcl-acpi2-stage/lib/modules/6.18.34-tcl-acpi2/kernel/drivers/net/wireless/mediatek/mt76/mt7925/mt7925-common.ko
  INSTALL /tmp/tcl-acpi2-stage/lib/modules/6.18.34-tcl-acpi2/kernel/drivers/net/wireless/mediatek/mt76/mt7925/mt7925u.ko
  INSTALL /tmp/tcl-acpi2-stage/lib/modules/6.18.34-tcl-acpi2/kernel/drivers/net/wireless/microchip/wilc1000/wilc1000.ko
  INSTALL /tmp/tcl-acpi2-stage/lib/modules/6.18.34-tcl-acpi2/kernel/drivers/net/wireless/microchip/wilc1000/wilc1000-sdio.ko
  INSTALL /tmp/tcl-acpi2-stage/lib/modules/6.18.34-tcl-acpi2/kernel/drivers/net/wireless/purelifi/plfxlc/plfxlc.ko
  INSTALL /tmp/tcl-acpi2-stage/lib/modules/6.18.34-tcl-acpi2/kernel/drivers/net/wireless/ralink/rt2x00/rt2x00lib.ko
  INSTALL /tmp/tcl-acpi2-stage/lib/modules/6.18.34-tcl-acpi2/kernel/drivers/net/wireless/ralink/rt2x00/rt2x00usb.ko
  INSTALL /tmp/tcl-acpi2-stage/lib/modules/6.18.34-tcl-acpi2/kernel/drivers/net/wireless/ralink/rt2x00/rt2800lib.ko
  INSTALL /tmp/tcl-acpi2-stage/lib/modules/6.18.34-tcl-acpi2/kernel/drivers/net/wireless/ralink/rt2x00/rt2500usb.ko
  INSTALL /tmp/tcl-acpi2-stage/lib/modules/6.18.34-tcl-acpi2/kernel/drivers/net/wireless/ralink/rt2x00/rt73usb.ko
  INSTALL /tmp/tcl-acpi2-stage/lib/modules/6.18.34-tcl-acpi2/kernel/drivers/net/wireless/ralink/rt2x00/rt2800usb.ko
  INSTALL /tmp/tcl-acpi2-stage/lib/modules/6.18.34-tcl-acpi2/kernel/drivers/net/wireless/realtek/rtl818x/rtl8187/rtl8187.ko
  INSTALL /tmp/tcl-acpi2-stage/lib/modules/6.18.34-tcl-acpi2/kernel/drivers/net/wireless/realtek/rtlwifi/rtlwifi.ko
  INSTALL /tmp/tcl-acpi2-stage/lib/modules/6.18.34-tcl-acpi2/kernel/drivers/net/wireless/realtek/rtlwifi/rtl_usb.ko
  INSTALL /tmp/tcl-acpi2-stage/lib/modules/6.18.34-tcl-acpi2/kernel/drivers/net/wireless/realtek/rtlwifi/rtl8192c/rtl8192c-common.ko
  INSTALL /tmp/tcl-acpi2-stage/lib/modules/6.18.34-tcl-acpi2/kernel/drivers/net/wireless/realtek/rtlwifi/rtl8192cu/rtl8192cu.ko
  INSTALL /tmp/tcl-acpi2-stage/lib/modules/6.18.34-tcl-acpi2/kernel/drivers/net/wireless/realtek/rtlwifi/rtl8192d/rtl8192d-common.ko
  INSTALL /tmp/tcl-acpi2-stage/lib/modules/6.18.34-tcl-acpi2/kernel/drivers/net/wireless/realtek/rtlwifi/rtl8192du/rtl8192du.ko
  INSTALL /tmp/tcl-acpi2-stage/lib/modules/6.18.34-tcl-acpi2/kernel/drivers/net/wireless/realtek/rtl8xxxu/rtl8xxxu.ko
  INSTALL /tmp/tcl-acpi2-stage/lib/modules/6.18.34-tcl-acpi2/kernel/drivers/net/wireless/realtek/rtw88/rtw88_core.ko
  INSTALL /tmp/tcl-acpi2-stage/lib/modules/6.18.34-tcl-acpi2/kernel/drivers/net/wireless/realtek/rtw88/rtw88_8822b.ko
  INSTALL /tmp/tcl-acpi2-stage/lib/modules/6.18.34-tcl-acpi2/kernel/drivers/net/wireless/realtek/rtw88/rtw88_8822bs.ko
  INSTALL /tmp/tcl-acpi2-stage/lib/modules/6.18.34-tcl-acpi2/kernel/drivers/net/wireless/realtek/rtw88/rtw88_8822bu.ko
  INSTALL /tmp/tcl-acpi2-stage/lib/modules/6.18.34-tcl-acpi2/kernel/drivers/net/wireless/realtek/rtw88/rtw88_8822c.ko
  INSTALL /tmp/tcl-acpi2-stage/lib/modules/6.18.34-tcl-acpi2/kernel/drivers/net/wireless/realtek/rtw88/rtw88_8822cs.ko
  INSTALL /tmp/tcl-acpi2-stage/lib/modules/6.18.34-tcl-acpi2/kernel/drivers/net/wireless/realtek/rtw88/rtw88_8822cu.ko
  INSTALL /tmp/tcl-acpi2-stage/lib/modules/6.18.34-tcl-acpi2/kernel/drivers/net/wireless/realtek/rtw88/rtw88_8723x.ko
  INSTALL /tmp/tcl-acpi2-stage/lib/modules/6.18.34-tcl-acpi2/kernel/drivers/net/wireless/realtek/rtw88/rtw88_8723d.ko
  INSTALL /tmp/tcl-acpi2-stage/lib/modules/6.18.34-tcl-acpi2/kernel/drivers/net/wireless/realtek/rtw88/rtw88_8723du.ko
  INSTALL /tmp/tcl-acpi2-stage/lib/modules/6.18.34-tcl-acpi2/kernel/drivers/net/wireless/realtek/rtw88/rtw88_8821c.ko
  INSTALL /tmp/tcl-acpi2-stage/lib/modules/6.18.34-tcl-acpi2/kernel/drivers/net/wireless/realtek/rtw88/rtw88_8821cs.ko
  INSTALL /tmp/tcl-acpi2-stage/lib/modules/6.18.34-tcl-acpi2/kernel/drivers/net/wireless/realtek/rtw88/rtw88_8821cu.ko
  INSTALL /tmp/tcl-acpi2-stage/lib/modules/6.18.34-tcl-acpi2/kernel/drivers/net/wireless/realtek/rtw88/rtw88_sdio.ko
  INSTALL /tmp/tcl-acpi2-stage/lib/modules/6.18.34-tcl-acpi2/kernel/drivers/net/wireless/realtek/rtw88/rtw88_usb.ko
  INSTALL /tmp/tcl-acpi2-stage/lib/modules/6.18.34-tcl-acpi2/kernel/drivers/net/wireless/silabs/wfx/wfx.ko
  INSTALL /tmp/tcl-acpi2-stage/lib/modules/6.18.34-tcl-acpi2/kernel/drivers/net/wireless/st/cw1200/cw1200_core.ko
  INSTALL /tmp/tcl-acpi2-stage/lib/modules/6.18.34-tcl-acpi2/kernel/drivers/net/wireless/st/cw1200/cw1200_wlan_sdio.ko
  INSTALL /tmp/tcl-acpi2-stage/lib/modules/6.18.34-tcl-acpi2/kernel/drivers/net/wireless/ti/wlcore/wlcore.ko
  INSTALL /tmp/tcl-acpi2-stage/lib/modules/6.18.34-tcl-acpi2/kernel/drivers/net/wireless/ti/wlcore/wlcore_sdio.ko
  INSTALL /tmp/tcl-acpi2-stage/lib/modules/6.18.34-tcl-acpi2/kernel/drivers/net/wireless/ti/wl12xx/wl12xx.ko
  INSTALL /tmp/tcl-acpi2-stage/lib/modules/6.18.34-tcl-acpi2/kernel/drivers/net/wireless/ti/wl1251/wl1251.ko
  INSTALL /tmp/tcl-acpi2-stage/lib/modules/6.18.34-tcl-acpi2/kernel/drivers/net/wireless/ti/wl1251/wl1251_sdio.ko
  INSTALL /tmp/tcl-acpi2-stage/lib/modules/6.18.34-tcl-acpi2/kernel/drivers/net/wireless/ti/wl18xx/wl18xx.ko
  INSTALL /tmp/tcl-acpi2-stage/lib/modules/6.18.34-tcl-acpi2/kernel/drivers/net/usb/pegasus.ko
  INSTALL /tmp/tcl-acpi2-stage/lib/modules/6.18.34-tcl-acpi2/kernel/drivers/net/usb/rtl8150.ko
  INSTALL /tmp/tcl-acpi2-stage/lib/modules/6.18.34-tcl-acpi2/kernel/drivers/net/usb/r8152.ko
  INSTALL /tmp/tcl-acpi2-stage/lib/modules/6.18.34-tcl-acpi2/kernel/drivers/net/usb/lan78xx.ko
  INSTALL /tmp/tcl-acpi2-stage/lib/modules/6.18.34-tcl-acpi2/kernel/drivers/net/usb/asix.ko
  INSTALL /tmp/tcl-acpi2-stage/lib/modules/6.18.34-tcl-acpi2/kernel/drivers/net/usb/ax88179_178a.ko
  INSTALL /tmp/tcl-acpi2-stage/lib/modules/6.18.34-tcl-acpi2/kernel/drivers/net/usb/cdc_ether.ko
  INSTALL /tmp/tcl-acpi2-stage/lib/modules/6.18.34-tcl-acpi2/kernel/drivers/net/usb/dm9601.ko
  INSTALL /tmp/tcl-acpi2-stage/lib/modules/6.18.34-tcl-acpi2/kernel/drivers/net/usb/sr9800.ko
  INSTALL /tmp/tcl-acpi2-stage/lib/modules/6.18.34-tcl-acpi2/kernel/drivers/net/usb/smsc75xx.ko
  INSTALL /tmp/tcl-acpi2-stage/lib/modules/6.18.34-tcl-acpi2/kernel/drivers/net/usb/smsc95xx.ko
  INSTALL /tmp/tcl-acpi2-stage/lib/modules/6.18.34-tcl-acpi2/kernel/drivers/net/usb/net1080.ko
  INSTALL /tmp/tcl-acpi2-stage/lib/modules/6.18.34-tcl-acpi2/kernel/drivers/net/usb/plusb.ko
  INSTALL /tmp/tcl-acpi2-stage/lib/modules/6.18.34-tcl-acpi2/kernel/drivers/net/usb/rndis_host.ko
  INSTALL /tmp/tcl-acpi2-stage/lib/modules/6.18.34-tcl-acpi2/kernel/drivers/net/usb/cdc_subset.ko
  INSTALL /tmp/tcl-acpi2-stage/lib/modules/6.18.34-tcl-acpi2/kernel/drivers/net/usb/zaurus.ko
  INSTALL /tmp/tcl-acpi2-stage/lib/modules/6.18.34-tcl-acpi2/kernel/drivers/net/usb/mcs7830.ko
  INSTALL /tmp/tcl-acpi2-stage/lib/modules/6.18.34-tcl-acpi2/kernel/drivers/net/usb/usbnet.ko
  INSTALL /tmp/tcl-acpi2-stage/lib/modules/6.18.34-tcl-acpi2/kernel/drivers/net/usb/cdc_ncm.ko
  INSTALL /tmp/tcl-acpi2-stage/lib/modules/6.18.34-tcl-acpi2/kernel/drivers/net/usb/r8153_ecm.ko
  INSTALL /tmp/tcl-acpi2-stage/lib/modules/6.18.34-tcl-acpi2/kernel/drivers/net/ipvlan/ipvlan.ko
  INSTALL /tmp/tcl-acpi2-stage/lib/modules/6.18.34-tcl-acpi2/kernel/drivers/net/dummy.ko
  INSTALL /tmp/tcl-acpi2-stage/lib/modules/6.18.34-tcl-acpi2/kernel/drivers/net/wireguard/wireguard.ko
  INSTALL /tmp/tcl-acpi2-stage/lib/modules/6.18.34-tcl-acpi2/kernel/drivers/net/macvlan.ko
  INSTALL /tmp/tcl-acpi2-stage/lib/modules/6.18.34-tcl-acpi2/kernel/drivers/net/macvtap.ko
  INSTALL /tmp/tcl-acpi2-stage/lib/modules/6.18.34-tcl-acpi2/kernel/drivers/net/mii.ko
  INSTALL /tmp/tcl-acpi2-stage/lib/modules/6.18.34-tcl-acpi2/kernel/drivers/net/tun.ko
  INSTALL /tmp/tcl-acpi2-stage/lib/modules/6.18.34-tcl-acpi2/kernel/drivers/net/tap.ko
  INSTALL /tmp/tcl-acpi2-stage/lib/modules/6.18.34-tcl-acpi2/kernel/drivers/net/veth.ko
  INSTALL /tmp/tcl-acpi2-stage/lib/modules/6.18.34-tcl-acpi2/kernel/drivers/net/vxlan/vxlan.ko
  INSTALL /tmp/tcl-acpi2-stage/lib/modules/6.18.34-tcl-acpi2/kernel/drivers/net/can/dev/can-dev.ko
  INSTALL /tmp/tcl-acpi2-stage/lib/modules/6.18.34-tcl-acpi2/kernel/drivers/net/can/spi/mcp251xfd/mcp251xfd.ko
  INSTALL /tmp/tcl-acpi2-stage/lib/modules/6.18.34-tcl-acpi2/kernel/drivers/net/can/flexcan/flexcan.ko
  INSTALL /tmp/tcl-acpi2-stage/lib/modules/6.18.34-tcl-acpi2/kernel/drivers/usb/storage/ums-realtek.ko
  INSTALL /tmp/tcl-acpi2-stage/lib/modules/6.18.34-tcl-acpi2/kernel/drivers/usb/gadget/legacy/g_ether.ko
  INSTALL /tmp/tcl-acpi2-stage/lib/modules/6.18.34-tcl-acpi2/kernel/drivers/usb/typec/tcpm/tcpm.ko
  INSTALL /tmp/tcl-acpi2-stage/lib/modules/6.18.34-tcl-acpi2/kernel/drivers/usb/typec/tcpm/fusb302.ko
  INSTALL /tmp/tcl-acpi2-stage/lib/modules/6.18.34-tcl-acpi2/kernel/drivers/usb/typec/tcpm/tcpci.ko
  INSTALL /tmp/tcl-acpi2-stage/lib/modules/6.18.34-tcl-acpi2/kernel/drivers/usb/typec/tipd/tps6598x.ko
  INSTALL /tmp/tcl-acpi2-stage/lib/modules/6.18.34-tcl-acpi2/kernel/drivers/usb/typec/hd3ss3220.ko
  INSTALL /tmp/tcl-acpi2-stage/lib/modules/6.18.34-tcl-acpi2/kernel/drivers/usb/cdns3/cdns-usb-common.ko
  INSTALL /tmp/tcl-acpi2-stage/lib/modules/6.18.34-tcl-acpi2/kernel/drivers/usb/cdns3/cdns3.ko
  INSTALL /tmp/tcl-acpi2-stage/lib/modules/6.18.34-tcl-acpi2/kernel/drivers/usb/class/cdc-acm.ko
  INSTALL /tmp/tcl-acpi2-stage/lib/modules/6.18.34-tcl-acpi2/kernel/drivers/usb/serial/usbserial.ko
  INSTALL /tmp/tcl-acpi2-stage/lib/modules/6.18.34-tcl-acpi2/kernel/drivers/usb/serial/ch341.ko
  INSTALL /tmp/tcl-acpi2-stage/lib/modules/6.18.34-tcl-acpi2/kernel/drivers/usb/serial/cp210x.ko
  INSTALL /tmp/tcl-acpi2-stage/lib/modules/6.18.34-tcl-acpi2/kernel/drivers/usb/serial/ftdi_sio.ko
  INSTALL /tmp/tcl-acpi2-stage/lib/modules/6.18.34-tcl-acpi2/kernel/drivers/usb/serial/option.ko
  INSTALL /tmp/tcl-acpi2-stage/lib/modules/6.18.34-tcl-acpi2/kernel/drivers/usb/serial/pl2303.ko
  INSTALL /tmp/tcl-acpi2-stage/lib/modules/6.18.34-tcl-acpi2/kernel/drivers/usb/serial/usb_wwan.ko
  INSTALL /tmp/tcl-acpi2-stage/lib/modules/6.18.34-tcl-acpi2/kernel/drivers/input/keyboard/adc-keys.ko
  INSTALL /tmp/tcl-acpi2-stage/lib/modules/6.18.34-tcl-acpi2/kernel/drivers/input/mouse/elan_i2c.ko
  INSTALL /tmp/tcl-acpi2-stage/lib/modules/6.18.34-tcl-acpi2/kernel/drivers/input/touchscreen/atmel_mxt_ts.ko
  INSTALL /tmp/tcl-acpi2-stage/lib/modules/6.18.34-tcl-acpi2/kernel/drivers/input/touchscreen/edt-ft5x06.ko
  INSTALL /tmp/tcl-acpi2-stage/lib/modules/6.18.34-tcl-acpi2/kernel/drivers/input/touchscreen/elants_i2c.ko
  INSTALL /tmp/tcl-acpi2-stage/lib/modules/6.18.34-tcl-acpi2/kernel/drivers/input/touchscreen/goodix_ts.ko
  INSTALL /tmp/tcl-acpi2-stage/lib/modules/6.18.34-tcl-acpi2/kernel/drivers/input/misc/pm8xxx-vibrator.ko
  INSTALL /tmp/tcl-acpi2-stage/lib/modules/6.18.34-tcl-acpi2/kernel/drivers/input/misc/pwm-beeper.ko
  INSTALL /tmp/tcl-acpi2-stage/lib/modules/6.18.34-tcl-acpi2/kernel/drivers/input/misc/pwm-vibra.ko
  INSTALL /tmp/tcl-acpi2-stage/lib/modules/6.18.34-tcl-acpi2/kernel/drivers/input/misc/uinput.ko
  INSTALL /tmp/tcl-acpi2-stage/lib/modules/6.18.34-tcl-acpi2/kernel/drivers/input/rmi4/rmi_core.ko
  INSTALL /tmp/tcl-acpi2-stage/lib/modules/6.18.34-tcl-acpi2/kernel/drivers/rtc/rtc-ds1307.ko
  INSTALL /tmp/tcl-acpi2-stage/lib/modules/6.18.34-tcl-acpi2/kernel/drivers/rtc/rtc-hym8563.ko
  INSTALL /tmp/tcl-acpi2-stage/lib/modules/6.18.34-tcl-acpi2/kernel/drivers/rtc/rtc-m41t80.ko
  INSTALL /tmp/tcl-acpi2-stage/lib/modules/6.18.34-tcl-acpi2/kernel/drivers/rtc/rtc-mt6397.ko
  INSTALL /tmp/tcl-acpi2-stage/lib/modules/6.18.34-tcl-acpi2/kernel/drivers/rtc/rtc-pcf2127.ko
  INSTALL /tmp/tcl-acpi2-stage/lib/modules/6.18.34-tcl-acpi2/kernel/drivers/rtc/rtc-pcf85063.ko
  INSTALL /tmp/tcl-acpi2-stage/lib/modules/6.18.34-tcl-acpi2/kernel/drivers/rtc/rtc-pcf85363.ko
  INSTALL /tmp/tcl-acpi2-stage/lib/modules/6.18.34-tcl-acpi2/kernel/drivers/rtc/rtc-pm8xxx.ko
  INSTALL /tmp/tcl-acpi2-stage/lib/modules/6.18.34-tcl-acpi2/kernel/drivers/rtc/rtc-rv3028.ko
  INSTALL /tmp/tcl-acpi2-stage/lib/modules/6.18.34-tcl-acpi2/kernel/drivers/rtc/rtc-rv8803.ko
  INSTALL /tmp/tcl-acpi2-stage/lib/modules/6.18.34-tcl-acpi2/kernel/drivers/rtc/rtc-rx8581.ko
  INSTALL /tmp/tcl-acpi2-stage/lib/modules/6.18.34-tcl-acpi2/kernel/drivers/i2c/algos/i2c-algo-bit.ko
  INSTALL /tmp/tcl-acpi2-stage/lib/modules/6.18.34-tcl-acpi2/kernel/drivers/i2c/busses/i2c-cadence.ko
  INSTALL /tmp/tcl-acpi2-stage/lib/modules/6.18.34-tcl-acpi2/kernel/drivers/i2c/busses/i2c-gpio.ko
  INSTALL /tmp/tcl-acpi2-stage/lib/modules/6.18.34-tcl-acpi2/kernel/drivers/i2c/busses/i2c-qcom-cci.ko
  INSTALL /tmp/tcl-acpi2-stage/lib/modules/6.18.34-tcl-acpi2/kernel/drivers/media/i2c/imx219.ko
  INSTALL /tmp/tcl-acpi2-stage/lib/modules/6.18.34-tcl-acpi2/kernel/drivers/media/i2c/ir-kbd-i2c.ko
  INSTALL /tmp/tcl-acpi2-stage/lib/modules/6.18.34-tcl-acpi2/kernel/drivers/media/i2c/ov5640.ko
  INSTALL /tmp/tcl-acpi2-stage/lib/modules/6.18.34-tcl-acpi2/kernel/drivers/media/i2c/ov5645.ko
  INSTALL /tmp/tcl-acpi2-stage/lib/modules/6.18.34-tcl-acpi2/kernel/drivers/media/tuners/mc44s803.ko
  INSTALL /tmp/tcl-acpi2-stage/lib/modules/6.18.34-tcl-acpi2/kernel/drivers/media/tuners/mt20xx.ko
  INSTALL /tmp/tcl-acpi2-stage/lib/modules/6.18.34-tcl-acpi2/kernel/drivers/media/tuners/tuner-simple.ko
  INSTALL /tmp/tcl-acpi2-stage/lib/modules/6.18.34-tcl-acpi2/kernel/drivers/media/tuners/tuner-types.ko
  INSTALL /tmp/tcl-acpi2-stage/lib/modules/6.18.34-tcl-acpi2/kernel/drivers/media/tuners/tda18271.ko
  INSTALL /tmp/tcl-acpi2-stage/lib/modules/6.18.34-tcl-acpi2/kernel/drivers/media/tuners/tda827x.ko
  INSTALL /tmp/tcl-acpi2-stage/lib/modules/6.18.34-tcl-acpi2/kernel/drivers/media/tuners/tda8290.ko
  INSTALL /tmp/tcl-acpi2-stage/lib/modules/6.18.34-tcl-acpi2/kernel/drivers/media/tuners/tda9887.ko
  INSTALL /tmp/tcl-acpi2-stage/lib/modules/6.18.34-tcl-acpi2/kernel/drivers/media/tuners/xc2028.ko
  INSTALL /tmp/tcl-acpi2-stage/lib/modules/6.18.34-tcl-acpi2/kernel/drivers/media/tuners/xc4000.ko
  INSTALL /tmp/tcl-acpi2-stage/lib/modules/6.18.34-tcl-acpi2/kernel/drivers/media/tuners/xc5000.ko
  INSTALL /tmp/tcl-acpi2-stage/lib/modules/6.18.34-tcl-acpi2/kernel/drivers/media/rc/keymaps/rc-adstech-dvb-t-pci.ko
  INSTALL /tmp/tcl-acpi2-stage/lib/modules/6.18.34-tcl-acpi2/kernel/drivers/media/rc/keymaps/rc-alink-dtu-m.ko
  INSTALL /tmp/tcl-acpi2-stage/lib/modules/6.18.34-tcl-acpi2/kernel/drivers/media/rc/keymaps/rc-anysee.ko
  INSTALL /tmp/tcl-acpi2-stage/lib/modules/6.18.34-tcl-acpi2/kernel/drivers/media/rc/keymaps/rc-apac-viewcomp.ko
  INSTALL /tmp/tcl-acpi2-stage/lib/modules/6.18.34-tcl-acpi2/kernel/drivers/media/rc/keymaps/rc-astrometa-t2hybrid.ko
  INSTALL /tmp/tcl-acpi2-stage/lib/modules/6.18.34-tcl-acpi2/kernel/drivers/media/rc/keymaps/rc-asus-pc39.ko
  INSTALL /tmp/tcl-acpi2-stage/lib/modules/6.18.34-tcl-acpi2/kernel/drivers/media/rc/keymaps/rc-asus-ps3-100.ko
  INSTALL /tmp/tcl-acpi2-stage/lib/modules/6.18.34-tcl-acpi2/kernel/drivers/media/rc/keymaps/rc-ati-tv-wonder-hd-600.ko
  INSTALL /tmp/tcl-acpi2-stage/lib/modules/6.18.34-tcl-acpi2/kernel/drivers/media/rc/keymaps/rc-ati-x10.ko
  INSTALL /tmp/tcl-acpi2-stage/lib/modules/6.18.34-tcl-acpi2/kernel/drivers/media/rc/keymaps/rc-avermedia-a16d.ko
  INSTALL /tmp/tcl-acpi2-stage/lib/modules/6.18.34-tcl-acpi2/kernel/drivers/media/rc/keymaps/rc-avermedia-cardbus.ko
  INSTALL /tmp/tcl-acpi2-stage/lib/modules/6.18.34-tcl-acpi2/kernel/drivers/media/rc/keymaps/rc-avermedia-dvbt.ko
  INSTALL /tmp/tcl-acpi2-stage/lib/modules/6.18.34-tcl-acpi2/kernel/drivers/media/rc/keymaps/rc-avermedia-m135a.ko
  INSTALL /tmp/tcl-acpi2-stage/lib/modules/6.18.34-tcl-acpi2/kernel/drivers/media/rc/keymaps/rc-avermedia-m733a-rm-k6.ko
  INSTALL /tmp/tcl-acpi2-stage/lib/modules/6.18.34-tcl-acpi2/kernel/drivers/media/rc/keymaps/rc-avermedia.ko
  INSTALL /tmp/tcl-acpi2-stage/lib/modules/6.18.34-tcl-acpi2/kernel/drivers/media/rc/keymaps/rc-avermedia-rm-ks.ko
  INSTALL /tmp/tcl-acpi2-stage/lib/modules/6.18.34-tcl-acpi2/kernel/drivers/media/rc/keymaps/rc-avertv-303.ko
  INSTALL /tmp/tcl-acpi2-stage/lib/modules/6.18.34-tcl-acpi2/kernel/drivers/media/rc/keymaps/rc-azurewave-ad-tu700.ko
  INSTALL /tmp/tcl-acpi2-stage/lib/modules/6.18.34-tcl-acpi2/kernel/drivers/media/rc/keymaps/rc-beelink-gs1.ko
  INSTALL /tmp/tcl-acpi2-stage/lib/modules/6.18.34-tcl-acpi2/kernel/drivers/media/rc/keymaps/rc-beelink-mxiii.ko
  INSTALL /tmp/tcl-acpi2-stage/lib/modules/6.18.34-tcl-acpi2/kernel/drivers/media/rc/keymaps/rc-behold-columbus.ko
  INSTALL /tmp/tcl-acpi2-stage/lib/modules/6.18.34-tcl-acpi2/kernel/drivers/media/rc/keymaps/rc-behold.ko
  INSTALL /tmp/tcl-acpi2-stage/lib/modules/6.18.34-tcl-acpi2/kernel/drivers/media/rc/keymaps/rc-budget-ci-old.ko
  INSTALL /tmp/tcl-acpi2-stage/lib/modules/6.18.34-tcl-acpi2/kernel/drivers/media/rc/keymaps/rc-cinergy-1400.ko
  INSTALL /tmp/tcl-acpi2-stage/lib/modules/6.18.34-tcl-acpi2/kernel/drivers/media/rc/keymaps/rc-cinergy.ko
  INSTALL /tmp/tcl-acpi2-stage/lib/modules/6.18.34-tcl-acpi2/kernel/drivers/media/rc/keymaps/rc-ct-90405.ko
  INSTALL /tmp/tcl-acpi2-stage/lib/modules/6.18.34-tcl-acpi2/kernel/drivers/media/rc/keymaps/rc-d680-dmb.ko
  INSTALL /tmp/tcl-acpi2-stage/lib/modules/6.18.34-tcl-acpi2/kernel/drivers/media/rc/keymaps/rc-delock-61959.ko
  INSTALL /tmp/tcl-acpi2-stage/lib/modules/6.18.34-tcl-acpi2/kernel/drivers/media/rc/keymaps/rc-dib0700-nec.ko
  INSTALL /tmp/tcl-acpi2-stage/lib/modules/6.18.34-tcl-acpi2/kernel/drivers/media/rc/keymaps/rc-dib0700-rc5.ko
  INSTALL /tmp/tcl-acpi2-stage/lib/modules/6.18.34-tcl-acpi2/kernel/drivers/media/rc/keymaps/rc-digitalnow-tinytwin.ko
  INSTALL /tmp/tcl-acpi2-stage/lib/modules/6.18.34-tcl-acpi2/kernel/drivers/media/rc/keymaps/rc-digittrade.ko
  INSTALL /tmp/tcl-acpi2-stage/lib/modules/6.18.34-tcl-acpi2/kernel/drivers/media/rc/keymaps/rc-dm1105-nec.ko
  INSTALL /tmp/tcl-acpi2-stage/lib/modules/6.18.34-tcl-acpi2/kernel/drivers/media/rc/keymaps/rc-dntv-live-dvb-t.ko
  INSTALL /tmp/tcl-acpi2-stage/lib/modules/6.18.34-tcl-acpi2/kernel/drivers/media/rc/keymaps/rc-dntv-live-dvbt-pro.ko
  INSTALL /tmp/tcl-acpi2-stage/lib/modules/6.18.34-tcl-acpi2/kernel/drivers/media/rc/keymaps/rc-dreambox.ko
  INSTALL /tmp/tcl-acpi2-stage/lib/modules/6.18.34-tcl-acpi2/kernel/drivers/media/rc/keymaps/rc-dtt200u.ko
  INSTALL /tmp/tcl-acpi2-stage/lib/modules/6.18.34-tcl-acpi2/kernel/drivers/media/rc/keymaps/rc-dvbsky.ko
  INSTALL /tmp/tcl-acpi2-stage/lib/modules/6.18.34-tcl-acpi2/kernel/drivers/media/rc/keymaps/rc-dvico-mce.ko
  INSTALL /tmp/tcl-acpi2-stage/lib/modules/6.18.34-tcl-acpi2/kernel/drivers/media/rc/keymaps/rc-dvico-portable.ko
  INSTALL /tmp/tcl-acpi2-stage/lib/modules/6.18.34-tcl-acpi2/kernel/drivers/media/rc/keymaps/rc-em-terratec.ko
  INSTALL /tmp/tcl-acpi2-stage/lib/modules/6.18.34-tcl-acpi2/kernel/drivers/media/rc/keymaps/rc-encore-enltv2.ko
  INSTALL /tmp/tcl-acpi2-stage/lib/modules/6.18.34-tcl-acpi2/kernel/drivers/media/rc/keymaps/rc-encore-enltv-fm53.ko
  INSTALL /tmp/tcl-acpi2-stage/lib/modules/6.18.34-tcl-acpi2/kernel/drivers/media/rc/keymaps/rc-encore-enltv.ko
  INSTALL /tmp/tcl-acpi2-stage/lib/modules/6.18.34-tcl-acpi2/kernel/drivers/media/rc/keymaps/rc-evga-indtube.ko
  INSTALL /tmp/tcl-acpi2-stage/lib/modules/6.18.34-tcl-acpi2/kernel/drivers/media/rc/keymaps/rc-eztv.ko
  INSTALL /tmp/tcl-acpi2-stage/lib/modules/6.18.34-tcl-acpi2/kernel/drivers/media/rc/keymaps/rc-flydvb.ko
  INSTALL /tmp/tcl-acpi2-stage/lib/modules/6.18.34-tcl-acpi2/kernel/drivers/media/rc/keymaps/rc-flyvideo.ko
  INSTALL /tmp/tcl-acpi2-stage/lib/modules/6.18.34-tcl-acpi2/kernel/drivers/media/rc/keymaps/rc-fusionhdtv-mce.ko
  INSTALL /tmp/tcl-acpi2-stage/lib/modules/6.18.34-tcl-acpi2/kernel/drivers/media/rc/keymaps/rc-gadmei-rm008z.ko
  INSTALL /tmp/tcl-acpi2-stage/lib/modules/6.18.34-tcl-acpi2/kernel/drivers/media/rc/keymaps/rc-geekbox.ko
  INSTALL /tmp/tcl-acpi2-stage/lib/modules/6.18.34-tcl-acpi2/kernel/drivers/media/rc/keymaps/rc-genius-tvgo-a11mce.ko
  INSTALL /tmp/tcl-acpi2-stage/lib/modules/6.18.34-tcl-acpi2/kernel/drivers/media/rc/keymaps/rc-gotview7135.ko
  INSTALL /tmp/tcl-acpi2-stage/lib/modules/6.18.34-tcl-acpi2/kernel/drivers/media/rc/keymaps/rc-hauppauge.ko
  INSTALL /tmp/tcl-acpi2-stage/lib/modules/6.18.34-tcl-acpi2/kernel/drivers/media/rc/keymaps/rc-hisi-poplar.ko
  INSTALL /tmp/tcl-acpi2-stage/lib/modules/6.18.34-tcl-acpi2/kernel/drivers/media/rc/keymaps/rc-hisi-tv-demo.ko
  INSTALL /tmp/tcl-acpi2-stage/lib/modules/6.18.34-tcl-acpi2/kernel/drivers/media/rc/keymaps/rc-imon-mce.ko
  INSTALL /tmp/tcl-acpi2-stage/lib/modules/6.18.34-tcl-acpi2/kernel/drivers/media/rc/keymaps/rc-imon-pad.ko
  INSTALL /tmp/tcl-acpi2-stage/lib/modules/6.18.34-tcl-acpi2/kernel/drivers/media/rc/keymaps/rc-imon-rsc.ko
  INSTALL /tmp/tcl-acpi2-stage/lib/modules/6.18.34-tcl-acpi2/kernel/drivers/media/rc/keymaps/rc-iodata-bctv7e.ko
  INSTALL /tmp/tcl-acpi2-stage/lib/modules/6.18.34-tcl-acpi2/kernel/drivers/media/rc/keymaps/rc-it913x-v1.ko
  INSTALL /tmp/tcl-acpi2-stage/lib/modules/6.18.34-tcl-acpi2/kernel/drivers/media/rc/keymaps/rc-it913x-v2.ko
  INSTALL /tmp/tcl-acpi2-stage/lib/modules/6.18.34-tcl-acpi2/kernel/drivers/media/rc/keymaps/rc-kaiomy.ko
  INSTALL /tmp/tcl-acpi2-stage/lib/modules/6.18.34-tcl-acpi2/kernel/drivers/media/rc/keymaps/rc-khadas.ko
  INSTALL /tmp/tcl-acpi2-stage/lib/modules/6.18.34-tcl-acpi2/kernel/drivers/media/rc/keymaps/rc-khamsin.ko
  INSTALL /tmp/tcl-acpi2-stage/lib/modules/6.18.34-tcl-acpi2/kernel/drivers/media/rc/keymaps/rc-kworld-315u.ko
  INSTALL /tmp/tcl-acpi2-stage/lib/modules/6.18.34-tcl-acpi2/kernel/drivers/media/rc/keymaps/rc-kworld-pc150u.ko
  INSTALL /tmp/tcl-acpi2-stage/lib/modules/6.18.34-tcl-acpi2/kernel/drivers/media/rc/keymaps/rc-kworld-plus-tv-analog.ko
  INSTALL /tmp/tcl-acpi2-stage/lib/modules/6.18.34-tcl-acpi2/kernel/drivers/media/rc/keymaps/rc-leadtek-y04g0051.ko
  INSTALL /tmp/tcl-acpi2-stage/lib/modules/6.18.34-tcl-acpi2/kernel/drivers/media/rc/keymaps/rc-lme2510.ko
  INSTALL /tmp/tcl-acpi2-stage/lib/modules/6.18.34-tcl-acpi2/kernel/drivers/media/rc/keymaps/rc-manli.ko
  INSTALL /tmp/tcl-acpi2-stage/lib/modules/6.18.34-tcl-acpi2/kernel/drivers/media/rc/keymaps/rc-mecool-kiii-pro.ko
  INSTALL /tmp/tcl-acpi2-stage/lib/modules/6.18.34-tcl-acpi2/kernel/drivers/media/rc/keymaps/rc-mecool-kii-pro.ko
  INSTALL /tmp/tcl-acpi2-stage/lib/modules/6.18.34-tcl-acpi2/kernel/drivers/media/rc/keymaps/rc-medion-x10-digitainer.ko
  INSTALL /tmp/tcl-acpi2-stage/lib/modules/6.18.34-tcl-acpi2/kernel/drivers/media/rc/keymaps/rc-medion-x10.ko
  INSTALL /tmp/tcl-acpi2-stage/lib/modules/6.18.34-tcl-acpi2/kernel/drivers/media/rc/keymaps/rc-medion-x10-or2x.ko
  INSTALL /tmp/tcl-acpi2-stage/lib/modules/6.18.34-tcl-acpi2/kernel/drivers/media/rc/keymaps/rc-minix-neo.ko
  INSTALL /tmp/tcl-acpi2-stage/lib/modules/6.18.34-tcl-acpi2/kernel/drivers/media/rc/keymaps/rc-msi-digivox-iii.ko
  INSTALL /tmp/tcl-acpi2-stage/lib/modules/6.18.34-tcl-acpi2/kernel/drivers/media/rc/keymaps/rc-msi-digivox-ii.ko
  INSTALL /tmp/tcl-acpi2-stage/lib/modules/6.18.34-tcl-acpi2/kernel/drivers/media/rc/keymaps/rc-msi-tvanywhere.ko
  INSTALL /tmp/tcl-acpi2-stage/lib/modules/6.18.34-tcl-acpi2/kernel/drivers/media/rc/keymaps/rc-msi-tvanywhere-plus.ko
  INSTALL /tmp/tcl-acpi2-stage/lib/modules/6.18.34-tcl-acpi2/kernel/drivers/media/rc/keymaps/rc-mygica-utv3.ko
  INSTALL /tmp/tcl-acpi2-stage/lib/modules/6.18.34-tcl-acpi2/kernel/drivers/media/rc/keymaps/rc-nebula.ko
  INSTALL /tmp/tcl-acpi2-stage/lib/modules/6.18.34-tcl-acpi2/kernel/drivers/media/rc/keymaps/rc-nec-terratec-cinergy-xs.ko
  INSTALL /tmp/tcl-acpi2-stage/lib/modules/6.18.34-tcl-acpi2/kernel/drivers/media/rc/keymaps/rc-norwood.ko
  INSTALL /tmp/tcl-acpi2-stage/lib/modules/6.18.34-tcl-acpi2/kernel/drivers/media/rc/keymaps/rc-npgtech.ko
  INSTALL /tmp/tcl-acpi2-stage/lib/modules/6.18.34-tcl-acpi2/kernel/drivers/media/rc/keymaps/rc-odroid.ko
  INSTALL /tmp/tcl-acpi2-stage/lib/modules/6.18.34-tcl-acpi2/kernel/drivers/media/rc/keymaps/rc-pctv-sedna.ko
  INSTALL /tmp/tcl-acpi2-stage/lib/modules/6.18.34-tcl-acpi2/kernel/drivers/media/rc/keymaps/rc-pine64.ko
  INSTALL /tmp/tcl-acpi2-stage/lib/modules/6.18.34-tcl-acpi2/kernel/drivers/media/rc/keymaps/rc-pinnacle-color.ko
  INSTALL /tmp/tcl-acpi2-stage/lib/modules/6.18.34-tcl-acpi2/kernel/drivers/media/rc/keymaps/rc-pinnacle-grey.ko
  INSTALL /tmp/tcl-acpi2-stage/lib/modules/6.18.34-tcl-acpi2/kernel/drivers/media/rc/keymaps/rc-pinnacle-pctv-hd.ko
  INSTALL /tmp/tcl-acpi2-stage/lib/modules/6.18.34-tcl-acpi2/kernel/drivers/media/rc/keymaps/rc-pixelview-002t.ko
  INSTALL /tmp/tcl-acpi2-stage/lib/modules/6.18.34-tcl-acpi2/kernel/drivers/media/rc/keymaps/rc-pixelview-mk12.ko
  INSTALL /tmp/tcl-acpi2-stage/lib/modules/6.18.34-tcl-acpi2/kernel/drivers/media/rc/keymaps/rc-pixelview-new.ko
  INSTALL /tmp/tcl-acpi2-stage/lib/modules/6.18.34-tcl-acpi2/kernel/drivers/media/rc/keymaps/rc-pixelview.ko
  INSTALL /tmp/tcl-acpi2-stage/lib/modules/6.18.34-tcl-acpi2/kernel/drivers/media/rc/keymaps/rc-powercolor-real-angel.ko
  INSTALL /tmp/tcl-acpi2-stage/lib/modules/6.18.34-tcl-acpi2/kernel/drivers/media/rc/keymaps/rc-proteus-2309.ko
  INSTALL /tmp/tcl-acpi2-stage/lib/modules/6.18.34-tcl-acpi2/kernel/drivers/media/rc/keymaps/rc-purpletv.ko
  INSTALL /tmp/tcl-acpi2-stage/lib/modules/6.18.34-tcl-acpi2/kernel/drivers/media/rc/keymaps/rc-pv951.ko
  INSTALL /tmp/tcl-acpi2-stage/lib/modules/6.18.34-tcl-acpi2/kernel/drivers/media/rc/keymaps/rc-rc6-mce.ko
  INSTALL /tmp/tcl-acpi2-stage/lib/modules/6.18.34-tcl-acpi2/kernel/drivers/media/rc/keymaps/rc-real-audio-220-32-keys.ko
  INSTALL /tmp/tcl-acpi2-stage/lib/modules/6.18.34-tcl-acpi2/kernel/drivers/media/rc/keymaps/rc-reddo.ko
  INSTALL /tmp/tcl-acpi2-stage/lib/modules/6.18.34-tcl-acpi2/kernel/drivers/media/rc/keymaps/rc-siemens-gigaset-rc20.ko
  INSTALL /tmp/tcl-acpi2-stage/lib/modules/6.18.34-tcl-acpi2/kernel/drivers/media/rc/keymaps/rc-snapstream-firefly.ko
  INSTALL /tmp/tcl-acpi2-stage/lib/modules/6.18.34-tcl-acpi2/kernel/drivers/media/rc/keymaps/rc-streamzap.ko
  INSTALL /tmp/tcl-acpi2-stage/lib/modules/6.18.34-tcl-acpi2/kernel/drivers/media/rc/keymaps/rc-su3000.ko
  INSTALL /tmp/tcl-acpi2-stage/lib/modules/6.18.34-tcl-acpi2/kernel/drivers/media/rc/keymaps/rc-tanix-tx3mini.ko
  INSTALL /tmp/tcl-acpi2-stage/lib/modules/6.18.34-tcl-acpi2/kernel/drivers/media/rc/keymaps/rc-tanix-tx5max.ko
  INSTALL /tmp/tcl-acpi2-stage/lib/modules/6.18.34-tcl-acpi2/kernel/drivers/media/rc/keymaps/rc-tbs-nec.ko
  INSTALL /tmp/tcl-acpi2-stage/lib/modules/6.18.34-tcl-acpi2/kernel/drivers/media/rc/keymaps/rc-technisat-ts35.ko
  INSTALL /tmp/tcl-acpi2-stage/lib/modules/6.18.34-tcl-acpi2/kernel/drivers/media/rc/keymaps/rc-technisat-usb2.ko
  INSTALL /tmp/tcl-acpi2-stage/lib/modules/6.18.34-tcl-acpi2/kernel/drivers/media/rc/keymaps/rc-terratec-cinergy-c-pci.ko
  INSTALL /tmp/tcl-acpi2-stage/lib/modules/6.18.34-tcl-acpi2/kernel/drivers/media/rc/keymaps/rc-terratec-cinergy-s2-hd.ko
  INSTALL /tmp/tcl-acpi2-stage/lib/modules/6.18.34-tcl-acpi2/kernel/drivers/media/rc/keymaps/rc-terratec-cinergy-xs.ko
  INSTALL /tmp/tcl-acpi2-stage/lib/modules/6.18.34-tcl-acpi2/kernel/drivers/media/rc/keymaps/rc-terratec-slim-2.ko
  INSTALL /tmp/tcl-acpi2-stage/lib/modules/6.18.34-tcl-acpi2/kernel/drivers/media/rc/keymaps/rc-terratec-slim.ko
  INSTALL /tmp/tcl-acpi2-stage/lib/modules/6.18.34-tcl-acpi2/kernel/drivers/media/rc/keymaps/rc-tevii-nec.ko
  INSTALL /tmp/tcl-acpi2-stage/lib/modules/6.18.34-tcl-acpi2/kernel/drivers/media/rc/keymaps/rc-tivo.ko
  INSTALL /tmp/tcl-acpi2-stage/lib/modules/6.18.34-tcl-acpi2/kernel/drivers/media/rc/keymaps/rc-total-media-in-hand-02.ko
  INSTALL /tmp/tcl-acpi2-stage/lib/modules/6.18.34-tcl-acpi2/kernel/drivers/media/rc/keymaps/rc-total-media-in-hand.ko
  INSTALL /tmp/tcl-acpi2-stage/lib/modules/6.18.34-tcl-acpi2/kernel/drivers/media/rc/keymaps/rc-trekstor.ko
  INSTALL /tmp/tcl-acpi2-stage/lib/modules/6.18.34-tcl-acpi2/kernel/drivers/media/rc/keymaps/rc-tt-1500.ko
  INSTALL /tmp/tcl-acpi2-stage/lib/modules/6.18.34-tcl-acpi2/kernel/drivers/media/rc/keymaps/rc-twinhan1027.ko
  INSTALL /tmp/tcl-acpi2-stage/lib/modules/6.18.34-tcl-acpi2/kernel/drivers/media/rc/keymaps/rc-twinhan-dtv-cab-ci.ko
  INSTALL /tmp/tcl-acpi2-stage/lib/modules/6.18.34-tcl-acpi2/kernel/drivers/media/rc/keymaps/rc-vega-s9x.ko
  INSTALL /tmp/tcl-acpi2-stage/lib/modules/6.18.34-tcl-acpi2/kernel/drivers/media/rc/keymaps/rc-videomate-m1f.ko
  INSTALL /tmp/tcl-acpi2-stage/lib/modules/6.18.34-tcl-acpi2/kernel/drivers/media/rc/keymaps/rc-videomate-s350.ko
  INSTALL /tmp/tcl-acpi2-stage/lib/modules/6.18.34-tcl-acpi2/kernel/drivers/media/rc/keymaps/rc-videomate-tv-pvr.ko
  INSTALL /tmp/tcl-acpi2-stage/lib/modules/6.18.34-tcl-acpi2/kernel/drivers/media/rc/keymaps/rc-videostrong-kii-pro.ko
  INSTALL /tmp/tcl-acpi2-stage/lib/modules/6.18.34-tcl-acpi2/kernel/drivers/media/rc/keymaps/rc-wetek-hub.ko
  INSTALL /tmp/tcl-acpi2-stage/lib/modules/6.18.34-tcl-acpi2/kernel/drivers/media/rc/keymaps/rc-wetek-play2.ko
  INSTALL /tmp/tcl-acpi2-stage/lib/modules/6.18.34-tcl-acpi2/kernel/drivers/media/rc/keymaps/rc-winfast.ko
  INSTALL /tmp/tcl-acpi2-stage/lib/modules/6.18.34-tcl-acpi2/kernel/drivers/media/rc/keymaps/rc-winfast-usbii-deluxe.ko
  INSTALL /tmp/tcl-acpi2-stage/lib/modules/6.18.34-tcl-acpi2/kernel/drivers/media/rc/keymaps/rc-x96max.ko
  INSTALL /tmp/tcl-acpi2-stage/lib/modules/6.18.34-tcl-acpi2/kernel/drivers/media/rc/keymaps/rc-xbox-360.ko
  INSTALL /tmp/tcl-acpi2-stage/lib/modules/6.18.34-tcl-acpi2/kernel/drivers/media/rc/keymaps/rc-xbox-dvd.ko
  INSTALL /tmp/tcl-acpi2-stage/lib/modules/6.18.34-tcl-acpi2/kernel/drivers/media/rc/keymaps/rc-zx-irdec.ko
  INSTALL /tmp/tcl-acpi2-stage/lib/modules/6.18.34-tcl-acpi2/kernel/drivers/media/rc/rc-core.ko
  INSTALL /tmp/tcl-acpi2-stage/lib/modules/6.18.34-tcl-acpi2/kernel/drivers/media/common/videobuf2/videobuf2-common.ko
  INSTALL /tmp/tcl-acpi2-stage/lib/modules/6.18.34-tcl-acpi2/kernel/drivers/media/common/videobuf2/videobuf2-dma-contig.ko
  INSTALL /tmp/tcl-acpi2-stage/lib/modules/6.18.34-tcl-acpi2/kernel/drivers/media/common/videobuf2/videobuf2-dma-sg.ko
  INSTALL /tmp/tcl-acpi2-stage/lib/modules/6.18.34-tcl-acpi2/kernel/drivers/media/common/videobuf2/videobuf2-memops.ko
  INSTALL /tmp/tcl-acpi2-stage/lib/modules/6.18.34-tcl-acpi2/kernel/drivers/media/common/videobuf2/videobuf2-v4l2.ko
  INSTALL /tmp/tcl-acpi2-stage/lib/modules/6.18.34-tcl-acpi2/kernel/drivers/media/common/videobuf2/videobuf2-vmalloc.ko
  INSTALL /tmp/tcl-acpi2-stage/lib/modules/6.18.34-tcl-acpi2/kernel/drivers/media/common/uvc.ko
  INSTALL /tmp/tcl-acpi2-stage/lib/modules/6.18.34-tcl-acpi2/kernel/drivers/media/platform/qcom/camss/qcom-camss.ko
  INSTALL /tmp/tcl-acpi2-stage/lib/modules/6.18.34-tcl-acpi2/kernel/drivers/media/platform/qcom/venus/venus-core.ko
  INSTALL /tmp/tcl-acpi2-stage/lib/modules/6.18.34-tcl-acpi2/kernel/drivers/media/platform/qcom/venus/venus-dec.ko
  INSTALL /tmp/tcl-acpi2-stage/lib/modules/6.18.34-tcl-acpi2/kernel/drivers/media/platform/qcom/venus/venus-enc.ko
  INSTALL /tmp/tcl-acpi2-stage/lib/modules/6.18.34-tcl-acpi2/kernel/drivers/media/usb/uvc/uvcvideo.ko
  INSTALL /tmp/tcl-acpi2-stage/lib/modules/6.18.34-tcl-acpi2/kernel/drivers/media/mc/mc.ko
  INSTALL /tmp/tcl-acpi2-stage/lib/modules/6.18.34-tcl-acpi2/kernel/drivers/media/v4l2-core/v4l2-async.ko
  INSTALL /tmp/tcl-acpi2-stage/lib/modules/6.18.34-tcl-acpi2/kernel/drivers/media/v4l2-core/v4l2-cci.ko
  INSTALL /tmp/tcl-acpi2-stage/lib/modules/6.18.34-tcl-acpi2/kernel/drivers/media/v4l2-core/v4l2-fwnode.ko
  INSTALL /tmp/tcl-acpi2-stage/lib/modules/6.18.34-tcl-acpi2/kernel/drivers/media/v4l2-core/v4l2-mem2mem.ko
  INSTALL /tmp/tcl-acpi2-stage/lib/modules/6.18.34-tcl-acpi2/kernel/drivers/media/v4l2-core/v4l2-dv-timings.ko
  INSTALL /tmp/tcl-acpi2-stage/lib/modules/6.18.34-tcl-acpi2/kernel/drivers/media/v4l2-core/videodev.ko
  INSTALL /tmp/tcl-acpi2-stage/lib/modules/6.18.34-tcl-acpi2/kernel/drivers/media/dvb-core/dvb-core.ko
  INSTALL /tmp/tcl-acpi2-stage/lib/modules/6.18.34-tcl-acpi2/kernel/drivers/power/reset/qcom-pon.ko
  INSTALL /tmp/tcl-acpi2-stage/lib/modules/6.18.34-tcl-acpi2/kernel/drivers/power/supply/sbs-battery.ko
  INSTALL /tmp/tcl-acpi2-stage/lib/modules/6.18.34-tcl-acpi2/kernel/drivers/power/supply/max17042_battery.ko
  INSTALL /tmp/tcl-acpi2-stage/lib/modules/6.18.34-tcl-acpi2/kernel/drivers/power/supply/mt6360_charger.ko
  INSTALL /tmp/tcl-acpi2-stage/lib/modules/6.18.34-tcl-acpi2/kernel/drivers/power/supply/bq25890_charger.ko
  INSTALL /tmp/tcl-acpi2-stage/lib/modules/6.18.34-tcl-acpi2/kernel/drivers/power/supply/bq25980_charger.ko
  INSTALL /tmp/tcl-acpi2-stage/lib/modules/6.18.34-tcl-acpi2/kernel/drivers/power/supply/cros_usbpd-charger.ko
  INSTALL /tmp/tcl-acpi2-stage/lib/modules/6.18.34-tcl-acpi2/kernel/drivers/hwmon/gpio-fan.ko
  INSTALL /tmp/tcl-acpi2-stage/lib/modules/6.18.34-tcl-acpi2/kernel/drivers/hwmon/ina2xx.ko
  INSTALL /tmp/tcl-acpi2-stage/lib/modules/6.18.34-tcl-acpi2/kernel/drivers/hwmon/ina3221.ko
  INSTALL /tmp/tcl-acpi2-stage/lib/modules/6.18.34-tcl-acpi2/kernel/drivers/hwmon/jc42.ko
  INSTALL /tmp/tcl-acpi2-stage/lib/modules/6.18.34-tcl-acpi2/kernel/drivers/hwmon/lm75.ko
  INSTALL /tmp/tcl-acpi2-stage/lib/modules/6.18.34-tcl-acpi2/kernel/drivers/hwmon/lm90.ko
  INSTALL /tmp/tcl-acpi2-stage/lib/modules/6.18.34-tcl-acpi2/kernel/drivers/hwmon/pwm-fan.ko
  INSTALL /tmp/tcl-acpi2-stage/lib/modules/6.18.34-tcl-acpi2/kernel/drivers/thermal/qcom/qcom_tsens.ko
  INSTALL /tmp/tcl-acpi2-stage/lib/modules/6.18.34-tcl-acpi2/kernel/drivers/thermal/qcom/qcom-spmi-adc-tm5.ko
  INSTALL /tmp/tcl-acpi2-stage/lib/modules/6.18.34-tcl-acpi2/kernel/drivers/thermal/qcom/qcom-spmi-temp-alarm.ko
  INSTALL /tmp/tcl-acpi2-stage/lib/modules/6.18.34-tcl-acpi2/kernel/drivers/thermal/qcom/lmh.ko
  INSTALL /tmp/tcl-acpi2-stage/lib/modules/6.18.34-tcl-acpi2/kernel/drivers/watchdog/pm8916_wdt.ko
  INSTALL /tmp/tcl-acpi2-stage/lib/modules/6.18.34-tcl-acpi2/kernel/drivers/md/md-mod.ko
  INSTALL /tmp/tcl-acpi2-stage/lib/modules/6.18.34-tcl-acpi2/kernel/drivers/md/dm-bufio.ko
  INSTALL /tmp/tcl-acpi2-stage/lib/modules/6.18.34-tcl-acpi2/kernel/drivers/md/dm-bio-prison.ko
  INSTALL /tmp/tcl-acpi2-stage/lib/modules/6.18.34-tcl-acpi2/kernel/drivers/md/persistent-data/dm-persistent-data.ko
  INSTALL /tmp/tcl-acpi2-stage/lib/modules/6.18.34-tcl-acpi2/kernel/drivers/md/dm-mirror.ko
  INSTALL /tmp/tcl-acpi2-stage/lib/modules/6.18.34-tcl-acpi2/kernel/drivers/md/dm-log.ko
  INSTALL /tmp/tcl-acpi2-stage/lib/modules/6.18.34-tcl-acpi2/kernel/drivers/md/dm-region-hash.ko
  INSTALL /tmp/tcl-acpi2-stage/lib/modules/6.18.34-tcl-acpi2/kernel/drivers/md/dm-zero.ko
  INSTALL /tmp/tcl-acpi2-stage/lib/modules/6.18.34-tcl-acpi2/kernel/drivers/md/dm-thin-pool.ko
  INSTALL /tmp/tcl-acpi2-stage/lib/modules/6.18.34-tcl-acpi2/kernel/drivers/cpufreq/cpufreq_powersave.ko
  INSTALL /tmp/tcl-acpi2-stage/lib/modules/6.18.34-tcl-acpi2/kernel/drivers/cpufreq/cpufreq_conservative.ko
  INSTALL /tmp/tcl-acpi2-stage/lib/modules/6.18.34-tcl-acpi2/kernel/drivers/crypto/ccree/ccree.ko
  INSTALL /tmp/tcl-acpi2-stage/lib/modules/6.18.34-tcl-acpi2/kernel/drivers/crypto/qcom-rng.ko
  INSTALL /tmp/tcl-acpi2-stage/lib/modules/6.18.34-tcl-acpi2/kernel/drivers/hid/uhid.ko
  INSTALL /tmp/tcl-acpi2-stage/lib/modules/6.18.34-tcl-acpi2/kernel/drivers/hid/hid-logitech.ko
  INSTALL /tmp/tcl-acpi2-stage/lib/modules/6.18.34-tcl-acpi2/kernel/drivers/hid/hid-lg-g15.ko
  INSTALL /tmp/tcl-acpi2-stage/lib/modules/6.18.34-tcl-acpi2/kernel/drivers/hid/hid-multitouch.ko
  INSTALL /tmp/tcl-acpi2-stage/lib/modules/6.18.34-tcl-acpi2/kernel/drivers/hid/hid-rmi.ko
  INSTALL /tmp/tcl-acpi2-stage/lib/modules/6.18.34-tcl-acpi2/kernel/drivers/staging/media/max96712/max96712.ko
  INSTALL /tmp/tcl-acpi2-stage/lib/modules/6.18.34-tcl-acpi2/kernel/drivers/staging/rtl8723bs/r8723bs.ko
  INSTALL /tmp/tcl-acpi2-stage/lib/modules/6.18.34-tcl-acpi2/kernel/drivers/platform/chrome/cros_ec_chardev.ko
  INSTALL /tmp/tcl-acpi2-stage/lib/modules/6.18.34-tcl-acpi2/kernel/drivers/platform/chrome/cros_usbpd_logger.ko
  INSTALL /tmp/tcl-acpi2-stage/lib/modules/6.18.34-tcl-acpi2/kernel/drivers/remoteproc/qcom_q6v5_adsp.ko
  INSTALL /tmp/tcl-acpi2-stage/lib/modules/6.18.34-tcl-acpi2/kernel/drivers/remoteproc/qcom_q6v5_pas.ko
  INSTALL /tmp/tcl-acpi2-stage/lib/modules/6.18.34-tcl-acpi2/kernel/drivers/remoteproc/qcom_wcnss_pil.ko
  INSTALL /tmp/tcl-acpi2-stage/lib/modules/6.18.34-tcl-acpi2/kernel/drivers/rpmsg/rpmsg_ctrl.ko
  INSTALL /tmp/tcl-acpi2-stage/lib/modules/6.18.34-tcl-acpi2/kernel/drivers/devfreq/governor_performance.ko
  INSTALL /tmp/tcl-acpi2-stage/lib/modules/6.18.34-tcl-acpi2/kernel/drivers/devfreq/governor_userspace.ko
  INSTALL /tmp/tcl-acpi2-stage/lib/modules/6.18.34-tcl-acpi2/kernel/drivers/extcon/extcon-ptn5150.ko
  INSTALL /tmp/tcl-acpi2-stage/lib/modules/6.18.34-tcl-acpi2/kernel/drivers/iio/adc/max9611.ko
  INSTALL /tmp/tcl-acpi2-stage/lib/modules/6.18.34-tcl-acpi2/kernel/drivers/iio/adc/qcom-spmi-adc5.ko
  INSTALL /tmp/tcl-acpi2-stage/lib/modules/6.18.34-tcl-acpi2/kernel/drivers/iio/adc/qcom-vadc-common.ko
  INSTALL /tmp/tcl-acpi2-stage/lib/modules/6.18.34-tcl-acpi2/kernel/drivers/iio/adc/ti-ads1015.ko
  INSTALL /tmp/tcl-acpi2-stage/lib/modules/6.18.34-tcl-acpi2/kernel/drivers/iio/buffer/industrialio-triggered-buffer.ko
  INSTALL /tmp/tcl-acpi2-stage/lib/modules/6.18.34-tcl-acpi2/kernel/drivers/iio/buffer/kfifo_buf.ko
  INSTALL /tmp/tcl-acpi2-stage/lib/modules/6.18.34-tcl-acpi2/kernel/drivers/iio/common/cros_ec_sensors/cros-ec-sensors-core.ko
  INSTALL /tmp/tcl-acpi2-stage/lib/modules/6.18.34-tcl-acpi2/kernel/drivers/iio/common/cros_ec_sensors/cros_ec_sensors.ko
  INSTALL /tmp/tcl-acpi2-stage/lib/modules/6.18.34-tcl-acpi2/kernel/drivers/iio/common/st_sensors/st_sensors_i2c.ko
  INSTALL /tmp/tcl-acpi2-stage/lib/modules/6.18.34-tcl-acpi2/kernel/drivers/iio/common/st_sensors/st_sensors_spi.ko
  INSTALL /tmp/tcl-acpi2-stage/lib/modules/6.18.34-tcl-acpi2/kernel/drivers/iio/common/st_sensors/st_sensors.ko
  INSTALL /tmp/tcl-acpi2-stage/lib/modules/6.18.34-tcl-acpi2/kernel/drivers/iio/imu/st_lsm6dsx/st_lsm6dsx.ko
  INSTALL /tmp/tcl-acpi2-stage/lib/modules/6.18.34-tcl-acpi2/kernel/drivers/iio/imu/st_lsm6dsx/st_lsm6dsx_i2c.ko
  INSTALL /tmp/tcl-acpi2-stage/lib/modules/6.18.34-tcl-acpi2/kernel/drivers/iio/imu/st_lsm6dsx/st_lsm6dsx_spi.ko
  INSTALL /tmp/tcl-acpi2-stage/lib/modules/6.18.34-tcl-acpi2/kernel/drivers/iio/light/apds9960.ko
  INSTALL /tmp/tcl-acpi2-stage/lib/modules/6.18.34-tcl-acpi2/kernel/drivers/iio/light/cros_ec_light_prox.ko
  INSTALL /tmp/tcl-acpi2-stage/lib/modules/6.18.34-tcl-acpi2/kernel/drivers/iio/light/isl29018.ko
  INSTALL /tmp/tcl-acpi2-stage/lib/modules/6.18.34-tcl-acpi2/kernel/drivers/iio/light/tsl2563.ko
  INSTALL /tmp/tcl-acpi2-stage/lib/modules/6.18.34-tcl-acpi2/kernel/drivers/iio/light/vcnl4000.ko
  INSTALL /tmp/tcl-acpi2-stage/lib/modules/6.18.34-tcl-acpi2/kernel/drivers/iio/magnetometer/st_magn.ko
  INSTALL /tmp/tcl-acpi2-stage/lib/modules/6.18.34-tcl-acpi2/kernel/drivers/iio/magnetometer/st_magn_i2c.ko
  INSTALL /tmp/tcl-acpi2-stage/lib/modules/6.18.34-tcl-acpi2/kernel/drivers/iio/magnetometer/st_magn_spi.ko
  INSTALL /tmp/tcl-acpi2-stage/lib/modules/6.18.34-tcl-acpi2/kernel/drivers/iio/pressure/cros_ec_baro.ko
  INSTALL /tmp/tcl-acpi2-stage/lib/modules/6.18.34-tcl-acpi2/kernel/drivers/iio/pressure/mpl3115.ko
  INSTALL /tmp/tcl-acpi2-stage/lib/modules/6.18.34-tcl-acpi2/kernel/drivers/perf/arm-cci.ko
  INSTALL /tmp/tcl-acpi2-stage/lib/modules/6.18.34-tcl-acpi2/kernel/drivers/perf/arm-ccn.ko
  INSTALL /tmp/tcl-acpi2-stage/lib/modules/6.18.34-tcl-acpi2/kernel/drivers/perf/arm-cmn.ko
  INSTALL /tmp/tcl-acpi2-stage/lib/modules/6.18.34-tcl-acpi2/kernel/drivers/perf/arm_dsu_pmu.ko
  INSTALL /tmp/tcl-acpi2-stage/lib/modules/6.18.34-tcl-acpi2/kernel/drivers/perf/arm_spe_pmu.ko
  INSTALL /tmp/tcl-acpi2-stage/lib/modules/6.18.34-tcl-acpi2/kernel/drivers/nvmem/nvmem-rmem.ko
  INSTALL /tmp/tcl-acpi2-stage/lib/modules/6.18.34-tcl-acpi2/kernel/drivers/slimbus/slimbus.ko
  INSTALL /tmp/tcl-acpi2-stage/lib/modules/6.18.34-tcl-acpi2/kernel/drivers/slimbus/slim-qcom-ngd-ctrl.ko
  INSTALL /tmp/tcl-acpi2-stage/lib/modules/6.18.34-tcl-acpi2/kernel/drivers/bluetooth/hci_uart.ko
  INSTALL /tmp/tcl-acpi2-stage/lib/modules/6.18.34-tcl-acpi2/kernel/drivers/bluetooth/btusb.ko
  INSTALL /tmp/tcl-acpi2-stage/lib/modules/6.18.34-tcl-acpi2/kernel/drivers/bluetooth/btintel.ko
  INSTALL /tmp/tcl-acpi2-stage/lib/modules/6.18.34-tcl-acpi2/kernel/drivers/bluetooth/btmrvl.ko
  INSTALL /tmp/tcl-acpi2-stage/lib/modules/6.18.34-tcl-acpi2/kernel/drivers/bluetooth/btmrvl_sdio.ko
  INSTALL /tmp/tcl-acpi2-stage/lib/modules/6.18.34-tcl-acpi2/kernel/drivers/bluetooth/btqcomsmd.ko
  INSTALL /tmp/tcl-acpi2-stage/lib/modules/6.18.34-tcl-acpi2/kernel/drivers/bluetooth/btbcm.ko
  INSTALL /tmp/tcl-acpi2-stage/lib/modules/6.18.34-tcl-acpi2/kernel/drivers/bluetooth/btrtl.ko
  INSTALL /tmp/tcl-acpi2-stage/lib/modules/6.18.34-tcl-acpi2/kernel/drivers/bluetooth/btqca.ko
  INSTALL /tmp/tcl-acpi2-stage/lib/modules/6.18.34-tcl-acpi2/kernel/drivers/ssb/ssb.ko
  INSTALL /tmp/tcl-acpi2-stage/lib/modules/6.18.34-tcl-acpi2/kernel/drivers/bcma/bcma.ko
  INSTALL /tmp/tcl-acpi2-stage/lib/modules/6.18.34-tcl-acpi2/kernel/drivers/soundwire/soundwire-bus.ko
  INSTALL /tmp/tcl-acpi2-stage/lib/modules/6.18.34-tcl-acpi2/kernel/drivers/soundwire/soundwire-qcom.ko
  INSTALL /tmp/tcl-acpi2-stage/lib/modules/6.18.34-tcl-acpi2/kernel/drivers/hwtracing/coresight/coresight.ko
  INSTALL /tmp/tcl-acpi2-stage/lib/modules/6.18.34-tcl-acpi2/kernel/drivers/hwtracing/coresight/coresight-tmc.ko
  INSTALL /tmp/tcl-acpi2-stage/lib/modules/6.18.34-tcl-acpi2/kernel/drivers/hwtracing/coresight/coresight-tpiu.ko
  INSTALL /tmp/tcl-acpi2-stage/lib/modules/6.18.34-tcl-acpi2/kernel/drivers/hwtracing/coresight/coresight-etb10.ko
  INSTALL /tmp/tcl-acpi2-stage/lib/modules/6.18.34-tcl-acpi2/kernel/drivers/hwtracing/coresight/coresight-funnel.ko
  INSTALL /tmp/tcl-acpi2-stage/lib/modules/6.18.34-tcl-acpi2/kernel/drivers/hwtracing/coresight/coresight-replicator.ko
  INSTALL /tmp/tcl-acpi2-stage/lib/modules/6.18.34-tcl-acpi2/kernel/drivers/hwtracing/coresight/coresight-stm.ko
  INSTALL /tmp/tcl-acpi2-stage/lib/modules/6.18.34-tcl-acpi2/kernel/drivers/hwtracing/coresight/coresight-cpu-debug.ko
  INSTALL /tmp/tcl-acpi2-stage/lib/modules/6.18.34-tcl-acpi2/kernel/drivers/hwtracing/coresight/coresight-catu.ko
  INSTALL /tmp/tcl-acpi2-stage/lib/modules/6.18.34-tcl-acpi2/kernel/drivers/hwtracing/coresight/coresight-cti.ko
  INSTALL /tmp/tcl-acpi2-stage/lib/modules/6.18.34-tcl-acpi2/kernel/drivers/hwtracing/stm/stm_core.ko
  INSTALL /tmp/tcl-acpi2-stage/lib/modules/6.18.34-tcl-acpi2/kernel/drivers/mux/mux-core.ko
  INSTALL /tmp/tcl-acpi2-stage/lib/modules/6.18.34-tcl-acpi2/kernel/drivers/mux/mux-mmio.ko
  INSTALL /tmp/tcl-acpi2-stage/lib/modules/6.18.34-tcl-acpi2/kernel/drivers/gnss/gnss.ko
  INSTALL /tmp/tcl-acpi2-stage/lib/modules/6.18.34-tcl-acpi2/kernel/drivers/gnss/gnss-serial.ko
  INSTALL /tmp/tcl-acpi2-stage/lib/modules/6.18.34-tcl-acpi2/kernel/drivers/gnss/gnss-mtk.ko
  INSTALL /tmp/tcl-acpi2-stage/lib/modules/6.18.34-tcl-acpi2/kernel/sound/core/snd-hwdep.ko
  INSTALL /tmp/tcl-acpi2-stage/lib/modules/6.18.34-tcl-acpi2/kernel/sound/core/snd-hrtimer.ko
  INSTALL /tmp/tcl-acpi2-stage/lib/modules/6.18.34-tcl-acpi2/kernel/sound/core/snd-seq-device.ko
  INSTALL /tmp/tcl-acpi2-stage/lib/modules/6.18.34-tcl-acpi2/kernel/sound/core/snd-rawmidi.ko
  INSTALL /tmp/tcl-acpi2-stage/lib/modules/6.18.34-tcl-acpi2/kernel/sound/core/seq/snd-seq.ko
  INSTALL /tmp/tcl-acpi2-stage/lib/modules/6.18.34-tcl-acpi2/kernel/sound/core/seq/snd-seq-dummy.ko
  INSTALL /tmp/tcl-acpi2-stage/lib/modules/6.18.34-tcl-acpi2/kernel/sound/core/seq/snd-seq-midi.ko
  INSTALL /tmp/tcl-acpi2-stage/lib/modules/6.18.34-tcl-acpi2/kernel/sound/core/seq/snd-seq-midi-event.ko
  INSTALL /tmp/tcl-acpi2-stage/lib/modules/6.18.34-tcl-acpi2/kernel/sound/core/seq/snd-seq-virmidi.ko
  INSTALL /tmp/tcl-acpi2-stage/lib/modules/6.18.34-tcl-acpi2/kernel/sound/drivers/snd-aloop.ko
  INSTALL /tmp/tcl-acpi2-stage/lib/modules/6.18.34-tcl-acpi2/kernel/sound/drivers/snd-virmidi.ko
  INSTALL /tmp/tcl-acpi2-stage/lib/modules/6.18.34-tcl-acpi2/kernel/sound/usb/snd-usb-audio.ko
  INSTALL /tmp/tcl-acpi2-stage/lib/modules/6.18.34-tcl-acpi2/kernel/sound/usb/snd-usbmidi-lib.ko
  INSTALL /tmp/tcl-acpi2-stage/lib/modules/6.18.34-tcl-acpi2/kernel/sound/soc/codecs/snd-soc-adau7002.ko
  INSTALL /tmp/tcl-acpi2-stage/lib/modules/6.18.34-tcl-acpi2/kernel/sound/soc/codecs/snd-soc-ak4613.ko
  INSTALL /tmp/tcl-acpi2-stage/lib/modules/6.18.34-tcl-acpi2/kernel/sound/soc/codecs/snd-soc-cros-ec-codec.ko
  INSTALL /tmp/tcl-acpi2-stage/lib/modules/6.18.34-tcl-acpi2/kernel/sound/soc/codecs/snd-soc-es7134.ko
  INSTALL /tmp/tcl-acpi2-stage/lib/modules/6.18.34-tcl-acpi2/kernel/sound/soc/codecs/snd-soc-es7241.ko
  INSTALL /tmp/tcl-acpi2-stage/lib/modules/6.18.34-tcl-acpi2/kernel/sound/soc/codecs/snd-soc-gtm601.ko
  INSTALL /tmp/tcl-acpi2-stage/lib/modules/6.18.34-tcl-acpi2/kernel/sound/soc/codecs/snd-soc-max98357a.ko
  INSTALL /tmp/tcl-acpi2-stage/lib/modules/6.18.34-tcl-acpi2/kernel/sound/soc/codecs/snd-soc-max98927.ko
  INSTALL /tmp/tcl-acpi2-stage/lib/modules/6.18.34-tcl-acpi2/kernel/sound/soc/codecs/snd-soc-msm8916-analog.ko
  INSTALL /tmp/tcl-acpi2-stage/lib/modules/6.18.34-tcl-acpi2/kernel/sound/soc/codecs/snd-soc-msm8916-digital.ko
  INSTALL /tmp/tcl-acpi2-stage/lib/modules/6.18.34-tcl-acpi2/kernel/sound/soc/codecs/snd-soc-nau8822.ko
  INSTALL /tmp/tcl-acpi2-stage/lib/modules/6.18.34-tcl-acpi2/kernel/sound/soc/codecs/snd-soc-hdmi-codec.ko
  INSTALL /tmp/tcl-acpi2-stage/lib/modules/6.18.34-tcl-acpi2/kernel/sound/soc/codecs/snd-soc-pcm3168a.ko
  INSTALL /tmp/tcl-acpi2-stage/lib/modules/6.18.34-tcl-acpi2/kernel/sound/soc/codecs/snd-soc-pcm3168a-i2c.ko
  INSTALL /tmp/tcl-acpi2-stage/lib/modules/6.18.34-tcl-acpi2/kernel/sound/soc/codecs/snd-soc-rl6231.ko
  INSTALL /tmp/tcl-acpi2-stage/lib/modules/6.18.34-tcl-acpi2/kernel/sound/soc/codecs/snd-soc-rt5659.ko
  INSTALL /tmp/tcl-acpi2-stage/lib/modules/6.18.34-tcl-acpi2/kernel/sound/soc/codecs/snd-soc-rt5682.ko
  INSTALL /tmp/tcl-acpi2-stage/lib/modules/6.18.34-tcl-acpi2/kernel/sound/soc/codecs/snd-soc-rt5682-i2c.ko
  INSTALL /tmp/tcl-acpi2-stage/lib/modules/6.18.34-tcl-acpi2/kernel/sound/soc/codecs/snd-soc-rt5682s.ko
  INSTALL /tmp/tcl-acpi2-stage/lib/modules/6.18.34-tcl-acpi2/kernel/sound/soc/codecs/snd-soc-tas571x.ko
  INSTALL /tmp/tcl-acpi2-stage/lib/modules/6.18.34-tcl-acpi2/kernel/sound/soc/codecs/snd-soc-tlv320aic32x4.ko
  INSTALL /tmp/tcl-acpi2-stage/lib/modules/6.18.34-tcl-acpi2/kernel/sound/soc/codecs/snd-soc-tlv320aic32x4-i2c.ko
  INSTALL /tmp/tcl-acpi2-stage/lib/modules/6.18.34-tcl-acpi2/kernel/sound/soc/codecs/snd-soc-wcd-classh.ko
  INSTALL /tmp/tcl-acpi2-stage/lib/modules/6.18.34-tcl-acpi2/kernel/sound/soc/codecs/snd-soc-wcd-common.ko
  INSTALL /tmp/tcl-acpi2-stage/lib/modules/6.18.34-tcl-acpi2/kernel/sound/soc/codecs/snd-soc-wcd-mbhc.ko
  INSTALL /tmp/tcl-acpi2-stage/lib/modules/6.18.34-tcl-acpi2/kernel/sound/soc/codecs/snd-soc-wcd9335.ko
  INSTALL /tmp/tcl-acpi2-stage/lib/modules/6.18.34-tcl-acpi2/kernel/sound/soc/codecs/snd-soc-wcd934x.ko
  INSTALL /tmp/tcl-acpi2-stage/lib/modules/6.18.34-tcl-acpi2/kernel/sound/soc/codecs/snd-soc-wcd938x.ko
  INSTALL /tmp/tcl-acpi2-stage/lib/modules/6.18.34-tcl-acpi2/kernel/sound/soc/codecs/snd-soc-wcd938x-sdw.ko
  INSTALL /tmp/tcl-acpi2-stage/lib/modules/6.18.34-tcl-acpi2/kernel/sound/soc/codecs/snd-soc-wm8524.ko
  INSTALL /tmp/tcl-acpi2-stage/lib/modules/6.18.34-tcl-acpi2/kernel/sound/soc/codecs/snd-soc-wm8904.ko
  INSTALL /tmp/tcl-acpi2-stage/lib/modules/6.18.34-tcl-acpi2/kernel/sound/soc/codecs/snd-soc-wm8960.ko
  INSTALL /tmp/tcl-acpi2-stage/lib/modules/6.18.34-tcl-acpi2/kernel/sound/soc/codecs/snd-soc-wm8962.ko
  INSTALL /tmp/tcl-acpi2-stage/lib/modules/6.18.34-tcl-acpi2/kernel/sound/soc/codecs/snd-soc-wm8978.ko
  INSTALL /tmp/tcl-acpi2-stage/lib/modules/6.18.34-tcl-acpi2/kernel/sound/soc/codecs/snd-soc-wsa881x.ko
  INSTALL /tmp/tcl-acpi2-stage/lib/modules/6.18.34-tcl-acpi2/kernel/sound/soc/codecs/snd-soc-simple-amplifier.ko
  INSTALL /tmp/tcl-acpi2-stage/lib/modules/6.18.34-tcl-acpi2/kernel/sound/soc/codecs/snd-soc-lpass-macro-common.ko
  INSTALL /tmp/tcl-acpi2-stage/lib/modules/6.18.34-tcl-acpi2/kernel/sound/soc/codecs/snd-soc-lpass-wsa-macro.ko
  INSTALL /tmp/tcl-acpi2-stage/lib/modules/6.18.34-tcl-acpi2/kernel/sound/soc/codecs/snd-soc-lpass-va-macro.ko
  INSTALL /tmp/tcl-acpi2-stage/lib/modules/6.18.34-tcl-acpi2/kernel/sound/soc/codecs/snd-soc-lpass-rx-macro.ko
  INSTALL /tmp/tcl-acpi2-stage/lib/modules/6.18.34-tcl-acpi2/kernel/sound/soc/codecs/snd-soc-lpass-tx-macro.ko
  INSTALL /tmp/tcl-acpi2-stage/lib/modules/6.18.34-tcl-acpi2/kernel/sound/soc/codecs/snd-soc-simple-mux.ko
  INSTALL /tmp/tcl-acpi2-stage/lib/modules/6.18.34-tcl-acpi2/kernel/sound/soc/generic/snd-soc-audio-graph-card.ko
  INSTALL /tmp/tcl-acpi2-stage/lib/modules/6.18.34-tcl-acpi2/kernel/sound/soc/generic/snd-soc-audio-graph-card2.ko
  INSTALL /tmp/tcl-acpi2-stage/lib/modules/6.18.34-tcl-acpi2/kernel/sound/soc/fsl/snd-soc-fsl-asrc.ko
  INSTALL /tmp/tcl-acpi2-stage/lib/modules/6.18.34-tcl-acpi2/kernel/sound/soc/fsl/snd-soc-fsl-micfil.ko
  INSTALL /tmp/tcl-acpi2-stage/lib/modules/6.18.34-tcl-acpi2/kernel/sound/soc/fsl/snd-soc-fsl-utils.ko
  INSTALL /tmp/tcl-acpi2-stage/lib/modules/6.18.34-tcl-acpi2/kernel/sound/soc/fsl/snd-soc-fsl-easrc.ko
  INSTALL /tmp/tcl-acpi2-stage/lib/modules/6.18.34-tcl-acpi2/kernel/sound/soc/qcom/snd-soc-lpass-cpu.ko
  INSTALL /tmp/tcl-acpi2-stage/lib/modules/6.18.34-tcl-acpi2/kernel/sound/soc/qcom/snd-soc-lpass-hdmi.ko
  INSTALL /tmp/tcl-acpi2-stage/lib/modules/6.18.34-tcl-acpi2/kernel/sound/soc/qcom/snd-soc-lpass-platform.ko
  INSTALL /tmp/tcl-acpi2-stage/lib/modules/6.18.34-tcl-acpi2/kernel/sound/soc/qcom/snd-soc-lpass-sc7180.ko
  INSTALL /tmp/tcl-acpi2-stage/lib/modules/6.18.34-tcl-acpi2/kernel/sound/soc/qcom/snd-soc-sc7180.ko
  INSTALL /tmp/tcl-acpi2-stage/lib/modules/6.18.34-tcl-acpi2/kernel/sound/soc/qcom/snd-soc-sm8250.ko
  INSTALL /tmp/tcl-acpi2-stage/lib/modules/6.18.34-tcl-acpi2/kernel/sound/soc/qcom/snd-soc-qcom-common.ko
  INSTALL /tmp/tcl-acpi2-stage/lib/modules/6.18.34-tcl-acpi2/kernel/sound/soc/qcom/snd-soc-qcom-sdw.ko
  INSTALL /tmp/tcl-acpi2-stage/lib/modules/6.18.34-tcl-acpi2/kernel/sound/soc/qcom/qdsp6/snd-q6dsp-common.ko
  INSTALL /tmp/tcl-acpi2-stage/lib/modules/6.18.34-tcl-acpi2/kernel/sound/soc/qcom/qdsp6/q6core.ko
  INSTALL /tmp/tcl-acpi2-stage/lib/modules/6.18.34-tcl-acpi2/kernel/sound/soc/qcom/qdsp6/q6afe.ko
  INSTALL /tmp/tcl-acpi2-stage/lib/modules/6.18.34-tcl-acpi2/kernel/sound/soc/qcom/qdsp6/q6afe-dai.ko
  INSTALL /tmp/tcl-acpi2-stage/lib/modules/6.18.34-tcl-acpi2/kernel/sound/soc/qcom/qdsp6/q6afe-clocks.ko
  INSTALL /tmp/tcl-acpi2-stage/lib/modules/6.18.34-tcl-acpi2/kernel/sound/soc/qcom/qdsp6/q6adm.ko
  INSTALL /tmp/tcl-acpi2-stage/lib/modules/6.18.34-tcl-acpi2/kernel/sound/soc/qcom/qdsp6/q6routing.ko
  INSTALL /tmp/tcl-acpi2-stage/lib/modules/6.18.34-tcl-acpi2/kernel/sound/soc/qcom/qdsp6/q6asm.ko
  INSTALL /tmp/tcl-acpi2-stage/lib/modules/6.18.34-tcl-acpi2/kernel/sound/soc/qcom/qdsp6/q6asm-dai.ko
  INSTALL /tmp/tcl-acpi2-stage/lib/modules/6.18.34-tcl-acpi2/kernel/sound/soc/qcom/qdsp6/snd-q6apm.ko
  INSTALL /tmp/tcl-acpi2-stage/lib/modules/6.18.34-tcl-acpi2/kernel/sound/soc/qcom/qdsp6/q6apm-dai.ko
  INSTALL /tmp/tcl-acpi2-stage/lib/modules/6.18.34-tcl-acpi2/kernel/sound/soc/qcom/qdsp6/q6apm-lpass-dais.ko
  INSTALL /tmp/tcl-acpi2-stage/lib/modules/6.18.34-tcl-acpi2/kernel/sound/soc/qcom/qdsp6/q6prm.ko
  INSTALL /tmp/tcl-acpi2-stage/lib/modules/6.18.34-tcl-acpi2/kernel/sound/soc/qcom/qdsp6/q6prm-clocks.ko
  INSTALL /tmp/tcl-acpi2-stage/lib/modules/6.18.34-tcl-acpi2/kernel/sound/virtio/virtio_snd.ko
  INSTALL /tmp/tcl-acpi2-stage/lib/modules/6.18.34-tcl-acpi2/kernel/net/core/selftests.ko
  INSTALL /tmp/tcl-acpi2-stage/lib/modules/6.18.34-tcl-acpi2/kernel/net/802/psnap.ko
  INSTALL /tmp/tcl-acpi2-stage/lib/modules/6.18.34-tcl-acpi2/kernel/net/802/stp.ko
  INSTALL /tmp/tcl-acpi2-stage/lib/modules/6.18.34-tcl-acpi2/kernel/net/802/garp.ko
  INSTALL /tmp/tcl-acpi2-stage/lib/modules/6.18.34-tcl-acpi2/kernel/net/802/mrp.ko
  INSTALL /tmp/tcl-acpi2-stage/lib/modules/6.18.34-tcl-acpi2/kernel/net/sched/act_gact.ko
  INSTALL /tmp/tcl-acpi2-stage/lib/modules/6.18.34-tcl-acpi2/kernel/net/sched/act_mirred.ko
  INSTALL /tmp/tcl-acpi2-stage/lib/modules/6.18.34-tcl-acpi2/kernel/net/sched/act_gate.ko
  INSTALL /tmp/tcl-acpi2-stage/lib/modules/6.18.34-tcl-acpi2/kernel/net/sched/sch_ingress.ko
  INSTALL /tmp/tcl-acpi2-stage/lib/modules/6.18.34-tcl-acpi2/kernel/net/sched/sch_mqprio.ko
  INSTALL /tmp/tcl-acpi2-stage/lib/modules/6.18.34-tcl-acpi2/kernel/net/sched/sch_mqprio_lib.ko
  INSTALL /tmp/tcl-acpi2-stage/lib/modules/6.18.34-tcl-acpi2/kernel/net/sched/sch_cbs.ko
  INSTALL /tmp/tcl-acpi2-stage/lib/modules/6.18.34-tcl-acpi2/kernel/net/sched/sch_etf.ko
  INSTALL /tmp/tcl-acpi2-stage/lib/modules/6.18.34-tcl-acpi2/kernel/net/sched/sch_taprio.ko
  INSTALL /tmp/tcl-acpi2-stage/lib/modules/6.18.34-tcl-acpi2/kernel/net/sched/cls_basic.ko
  INSTALL /tmp/tcl-acpi2-stage/lib/modules/6.18.34-tcl-acpi2/kernel/net/sched/cls_cgroup.ko
  INSTALL /tmp/tcl-acpi2-stage/lib/modules/6.18.34-tcl-acpi2/kernel/net/sched/cls_flower.ko
  INSTALL /tmp/tcl-acpi2-stage/lib/modules/6.18.34-tcl-acpi2/kernel/net/netlink/netlink_diag.ko
  INSTALL /tmp/tcl-acpi2-stage/lib/modules/6.18.34-tcl-acpi2/kernel/net/netfilter/nfnetlink.ko
  INSTALL /tmp/tcl-acpi2-stage/lib/modules/6.18.34-tcl-acpi2/kernel/net/netfilter/nfnetlink_acct.ko
  INSTALL /tmp/tcl-acpi2-stage/lib/modules/6.18.34-tcl-acpi2/kernel/net/netfilter/nfnetlink_queue.ko
  INSTALL /tmp/tcl-acpi2-stage/lib/modules/6.18.34-tcl-acpi2/kernel/net/netfilter/nfnetlink_log.ko
  INSTALL /tmp/tcl-acpi2-stage/lib/modules/6.18.34-tcl-acpi2/kernel/net/netfilter/nfnetlink_osf.ko
  INSTALL /tmp/tcl-acpi2-stage/lib/modules/6.18.34-tcl-acpi2/kernel/net/netfilter/nf_conntrack.ko
  INSTALL /tmp/tcl-acpi2-stage/lib/modules/6.18.34-tcl-acpi2/kernel/net/netfilter/nf_conntrack_netlink.ko
  INSTALL /tmp/tcl-acpi2-stage/lib/modules/6.18.34-tcl-acpi2/kernel/net/netfilter/nfnetlink_cttimeout.ko
  INSTALL /tmp/tcl-acpi2-stage/lib/modules/6.18.34-tcl-acpi2/kernel/net/netfilter/nfnetlink_cthelper.ko
  INSTALL /tmp/tcl-acpi2-stage/lib/modules/6.18.34-tcl-acpi2/kernel/net/netfilter/nf_conntrack_amanda.ko
  INSTALL /tmp/tcl-acpi2-stage/lib/modules/6.18.34-tcl-acpi2/kernel/net/netfilter/nf_conntrack_ftp.ko
  INSTALL /tmp/tcl-acpi2-stage/lib/modules/6.18.34-tcl-acpi2/kernel/net/netfilter/nf_conntrack_h323.ko
  INSTALL /tmp/tcl-acpi2-stage/lib/modules/6.18.34-tcl-acpi2/kernel/net/netfilter/nf_conntrack_irc.ko
  INSTALL /tmp/tcl-acpi2-stage/lib/modules/6.18.34-tcl-acpi2/kernel/net/netfilter/nf_conntrack_broadcast.ko
  INSTALL /tmp/tcl-acpi2-stage/lib/modules/6.18.34-tcl-acpi2/kernel/net/netfilter/nf_conntrack_netbios_ns.ko
  INSTALL /tmp/tcl-acpi2-stage/lib/modules/6.18.34-tcl-acpi2/kernel/net/netfilter/nf_conntrack_snmp.ko
  INSTALL /tmp/tcl-acpi2-stage/lib/modules/6.18.34-tcl-acpi2/kernel/net/netfilter/nf_conntrack_pptp.ko
  INSTALL /tmp/tcl-acpi2-stage/lib/modules/6.18.34-tcl-acpi2/kernel/net/netfilter/nf_conntrack_sane.ko
  INSTALL /tmp/tcl-acpi2-stage/lib/modules/6.18.34-tcl-acpi2/kernel/net/netfilter/nf_conntrack_sip.ko
  INSTALL /tmp/tcl-acpi2-stage/lib/modules/6.18.34-tcl-acpi2/kernel/net/netfilter/nf_conntrack_tftp.ko
  INSTALL /tmp/tcl-acpi2-stage/lib/modules/6.18.34-tcl-acpi2/kernel/net/netfilter/nf_log_syslog.ko
  INSTALL /tmp/tcl-acpi2-stage/lib/modules/6.18.34-tcl-acpi2/kernel/net/netfilter/nf_nat.ko
  INSTALL /tmp/tcl-acpi2-stage/lib/modules/6.18.34-tcl-acpi2/kernel/net/netfilter/nf_nat_amanda.ko
  INSTALL /tmp/tcl-acpi2-stage/lib/modules/6.18.34-tcl-acpi2/kernel/net/netfilter/nf_nat_ftp.ko
  INSTALL /tmp/tcl-acpi2-stage/lib/modules/6.18.34-tcl-acpi2/kernel/net/netfilter/nf_nat_irc.ko
  INSTALL /tmp/tcl-acpi2-stage/lib/modules/6.18.34-tcl-acpi2/kernel/net/netfilter/nf_nat_sip.ko
  INSTALL /tmp/tcl-acpi2-stage/lib/modules/6.18.34-tcl-acpi2/kernel/net/netfilter/nf_nat_tftp.ko
  INSTALL /tmp/tcl-acpi2-stage/lib/modules/6.18.34-tcl-acpi2/kernel/net/netfilter/nf_synproxy_core.ko
  INSTALL /tmp/tcl-acpi2-stage/lib/modules/6.18.34-tcl-acpi2/kernel/net/netfilter/nf_conncount.ko
  INSTALL /tmp/tcl-acpi2-stage/lib/modules/6.18.34-tcl-acpi2/kernel/net/netfilter/nf_dup_netdev.ko
  INSTALL /tmp/tcl-acpi2-stage/lib/modules/6.18.34-tcl-acpi2/kernel/net/netfilter/nf_tables.ko
  INSTALL /tmp/tcl-acpi2-stage/lib/modules/6.18.34-tcl-acpi2/kernel/net/netfilter/nft_compat.ko
  INSTALL /tmp/tcl-acpi2-stage/lib/modules/6.18.34-tcl-acpi2/kernel/net/netfilter/nft_connlimit.ko
  INSTALL /tmp/tcl-acpi2-stage/lib/modules/6.18.34-tcl-acpi2/kernel/net/netfilter/nft_numgen.ko
  INSTALL /tmp/tcl-acpi2-stage/lib/modules/6.18.34-tcl-acpi2/kernel/net/netfilter/nft_ct.ko
  INSTALL /tmp/tcl-acpi2-stage/lib/modules/6.18.34-tcl-acpi2/kernel/net/netfilter/nft_flow_offload.ko
  INSTALL /tmp/tcl-acpi2-stage/lib/modules/6.18.34-tcl-acpi2/kernel/net/netfilter/nft_limit.ko
  INSTALL /tmp/tcl-acpi2-stage/lib/modules/6.18.34-tcl-acpi2/kernel/net/netfilter/nft_nat.ko
  INSTALL /tmp/tcl-acpi2-stage/lib/modules/6.18.34-tcl-acpi2/kernel/net/netfilter/nft_queue.ko
  INSTALL /tmp/tcl-acpi2-stage/lib/modules/6.18.34-tcl-acpi2/kernel/net/netfilter/nft_quota.ko
  INSTALL /tmp/tcl-acpi2-stage/lib/modules/6.18.34-tcl-acpi2/kernel/net/netfilter/nft_reject.ko
  INSTALL /tmp/tcl-acpi2-stage/lib/modules/6.18.34-tcl-acpi2/kernel/net/netfilter/nft_reject_inet.ko
  INSTALL /tmp/tcl-acpi2-stage/lib/modules/6.18.34-tcl-acpi2/kernel/net/netfilter/nft_reject_netdev.ko
  INSTALL /tmp/tcl-acpi2-stage/lib/modules/6.18.34-tcl-acpi2/kernel/net/netfilter/nft_tunnel.ko
  INSTALL /tmp/tcl-acpi2-stage/lib/modules/6.18.34-tcl-acpi2/kernel/net/netfilter/nft_log.ko
  INSTALL /tmp/tcl-acpi2-stage/lib/modules/6.18.34-tcl-acpi2/kernel/net/netfilter/nft_masq.ko
  INSTALL /tmp/tcl-acpi2-stage/lib/modules/6.18.34-tcl-acpi2/kernel/net/netfilter/nft_redir.ko
  INSTALL /tmp/tcl-acpi2-stage/lib/modules/6.18.34-tcl-acpi2/kernel/net/netfilter/nft_hash.ko
  INSTALL /tmp/tcl-acpi2-stage/lib/modules/6.18.34-tcl-acpi2/kernel/net/netfilter/nft_fib.ko
  INSTALL /tmp/tcl-acpi2-stage/lib/modules/6.18.34-tcl-acpi2/kernel/net/netfilter/nft_fib_inet.ko
  INSTALL /tmp/tcl-acpi2-stage/lib/modules/6.18.34-tcl-acpi2/kernel/net/netfilter/nft_fib_netdev.ko
  INSTALL /tmp/tcl-acpi2-stage/lib/modules/6.18.34-tcl-acpi2/kernel/net/netfilter/nft_socket.ko
  INSTALL /tmp/tcl-acpi2-stage/lib/modules/6.18.34-tcl-acpi2/kernel/net/netfilter/nft_osf.ko
  INSTALL /tmp/tcl-acpi2-stage/lib/modules/6.18.34-tcl-acpi2/kernel/net/netfilter/nft_tproxy.ko
  INSTALL /tmp/tcl-acpi2-stage/lib/modules/6.18.34-tcl-acpi2/kernel/net/netfilter/nft_xfrm.ko
  INSTALL /tmp/tcl-acpi2-stage/lib/modules/6.18.34-tcl-acpi2/kernel/net/netfilter/nft_synproxy.ko
  INSTALL /tmp/tcl-acpi2-stage/lib/modules/6.18.34-tcl-acpi2/kernel/net/netfilter/nft_chain_nat.ko
  INSTALL /tmp/tcl-acpi2-stage/lib/modules/6.18.34-tcl-acpi2/kernel/net/netfilter/nft_dup_netdev.ko
  INSTALL /tmp/tcl-acpi2-stage/lib/modules/6.18.34-tcl-acpi2/kernel/net/netfilter/nft_fwd_netdev.ko
  INSTALL /tmp/tcl-acpi2-stage/lib/modules/6.18.34-tcl-acpi2/kernel/net/netfilter/nf_flow_table.ko
  INSTALL /tmp/tcl-acpi2-stage/lib/modules/6.18.34-tcl-acpi2/kernel/net/netfilter/nf_flow_table_inet.ko
  INSTALL /tmp/tcl-acpi2-stage/lib/modules/6.18.34-tcl-acpi2/kernel/net/netfilter/x_tables.ko
  INSTALL /tmp/tcl-acpi2-stage/lib/modules/6.18.34-tcl-acpi2/kernel/net/netfilter/xt_tcpudp.ko
  INSTALL /tmp/tcl-acpi2-stage/lib/modules/6.18.34-tcl-acpi2/kernel/net/netfilter/xt_mark.ko
  INSTALL /tmp/tcl-acpi2-stage/lib/modules/6.18.34-tcl-acpi2/kernel/net/netfilter/xt_connmark.ko
  INSTALL /tmp/tcl-acpi2-stage/lib/modules/6.18.34-tcl-acpi2/kernel/net/netfilter/xt_nat.ko
  INSTALL /tmp/tcl-acpi2-stage/lib/modules/6.18.34-tcl-acpi2/kernel/net/netfilter/xt_AUDIT.ko
  INSTALL /tmp/tcl-acpi2-stage/lib/modules/6.18.34-tcl-acpi2/kernel/net/netfilter/xt_CHECKSUM.ko
  INSTALL /tmp/tcl-acpi2-stage/lib/modules/6.18.34-tcl-acpi2/kernel/net/netfilter/xt_CLASSIFY.ko
  INSTALL /tmp/tcl-acpi2-stage/lib/modules/6.18.34-tcl-acpi2/kernel/net/netfilter/xt_CT.ko
  INSTALL /tmp/tcl-acpi2-stage/lib/modules/6.18.34-tcl-acpi2/kernel/net/netfilter/xt_DSCP.ko
  INSTALL /tmp/tcl-acpi2-stage/lib/modules/6.18.34-tcl-acpi2/kernel/net/netfilter/xt_HL.ko
  INSTALL /tmp/tcl-acpi2-stage/lib/modules/6.18.34-tcl-acpi2/kernel/net/netfilter/xt_HMARK.ko
  INSTALL /tmp/tcl-acpi2-stage/lib/modules/6.18.34-tcl-acpi2/kernel/net/netfilter/xt_LED.ko
  INSTALL /tmp/tcl-acpi2-stage/lib/modules/6.18.34-tcl-acpi2/kernel/net/netfilter/xt_LOG.ko
  INSTALL /tmp/tcl-acpi2-stage/lib/modules/6.18.34-tcl-acpi2/kernel/net/netfilter/xt_NETMAP.ko
  INSTALL /tmp/tcl-acpi2-stage/lib/modules/6.18.34-tcl-acpi2/kernel/net/netfilter/xt_NFLOG.ko
  INSTALL /tmp/tcl-acpi2-stage/lib/modules/6.18.34-tcl-acpi2/kernel/net/netfilter/xt_NFQUEUE.ko
  INSTALL /tmp/tcl-acpi2-stage/lib/modules/6.18.34-tcl-acpi2/kernel/net/netfilter/xt_RATEEST.ko
  INSTALL /tmp/tcl-acpi2-stage/lib/modules/6.18.34-tcl-acpi2/kernel/net/netfilter/xt_REDIRECT.ko
  INSTALL /tmp/tcl-acpi2-stage/lib/modules/6.18.34-tcl-acpi2/kernel/net/netfilter/xt_MASQUERADE.ko
  INSTALL /tmp/tcl-acpi2-stage/lib/modules/6.18.34-tcl-acpi2/kernel/net/netfilter/xt_TPROXY.ko
  INSTALL /tmp/tcl-acpi2-stage/lib/modules/6.18.34-tcl-acpi2/kernel/net/netfilter/xt_TCPMSS.ko
  INSTALL /tmp/tcl-acpi2-stage/lib/modules/6.18.34-tcl-acpi2/kernel/net/netfilter/xt_TCPOPTSTRIP.ko
  INSTALL /tmp/tcl-acpi2-stage/lib/modules/6.18.34-tcl-acpi2/kernel/net/netfilter/xt_TEE.ko
  INSTALL /tmp/tcl-acpi2-stage/lib/modules/6.18.34-tcl-acpi2/kernel/net/netfilter/xt_IDLETIMER.ko
  INSTALL /tmp/tcl-acpi2-stage/lib/modules/6.18.34-tcl-acpi2/kernel/net/netfilter/xt_addrtype.ko
  INSTALL /tmp/tcl-acpi2-stage/lib/modules/6.18.34-tcl-acpi2/kernel/net/netfilter/xt_bpf.ko
  INSTALL /tmp/tcl-acpi2-stage/lib/modules/6.18.34-tcl-acpi2/kernel/net/netfilter/xt_cluster.ko
  INSTALL /tmp/tcl-acpi2-stage/lib/modules/6.18.34-tcl-acpi2/kernel/net/netfilter/xt_comment.ko
  INSTALL /tmp/tcl-acpi2-stage/lib/modules/6.18.34-tcl-acpi2/kernel/net/netfilter/xt_connbytes.ko
  INSTALL /tmp/tcl-acpi2-stage/lib/modules/6.18.34-tcl-acpi2/kernel/net/netfilter/xt_connlabel.ko
  INSTALL /tmp/tcl-acpi2-stage/lib/modules/6.18.34-tcl-acpi2/kernel/net/netfilter/xt_connlimit.ko
  INSTALL /tmp/tcl-acpi2-stage/lib/modules/6.18.34-tcl-acpi2/kernel/net/netfilter/xt_conntrack.ko
  INSTALL /tmp/tcl-acpi2-stage/lib/modules/6.18.34-tcl-acpi2/kernel/net/netfilter/xt_cpu.ko
  INSTALL /tmp/tcl-acpi2-stage/lib/modules/6.18.34-tcl-acpi2/kernel/net/netfilter/xt_dccp.ko
  INSTALL /tmp/tcl-acpi2-stage/lib/modules/6.18.34-tcl-acpi2/kernel/net/netfilter/xt_devgroup.ko
  INSTALL /tmp/tcl-acpi2-stage/lib/modules/6.18.34-tcl-acpi2/kernel/net/netfilter/xt_dscp.ko
  INSTALL /tmp/tcl-acpi2-stage/lib/modules/6.18.34-tcl-acpi2/kernel/net/netfilter/xt_ecn.ko
  INSTALL /tmp/tcl-acpi2-stage/lib/modules/6.18.34-tcl-acpi2/kernel/net/netfilter/xt_esp.ko
  INSTALL /tmp/tcl-acpi2-stage/lib/modules/6.18.34-tcl-acpi2/kernel/net/netfilter/xt_hashlimit.ko
  INSTALL /tmp/tcl-acpi2-stage/lib/modules/6.18.34-tcl-acpi2/kernel/net/netfilter/xt_helper.ko
  INSTALL /tmp/tcl-acpi2-stage/lib/modules/6.18.34-tcl-acpi2/kernel/net/netfilter/xt_hl.ko
  INSTALL /tmp/tcl-acpi2-stage/lib/modules/6.18.34-tcl-acpi2/kernel/net/netfilter/xt_ipcomp.ko
  INSTALL /tmp/tcl-acpi2-stage/lib/modules/6.18.34-tcl-acpi2/kernel/net/netfilter/xt_iprange.ko
  INSTALL /tmp/tcl-acpi2-stage/lib/modules/6.18.34-tcl-acpi2/kernel/net/netfilter/xt_ipvs.ko
  INSTALL /tmp/tcl-acpi2-stage/lib/modules/6.18.34-tcl-acpi2/kernel/net/netfilter/xt_l2tp.ko
  INSTALL /tmp/tcl-acpi2-stage/lib/modules/6.18.34-tcl-acpi2/kernel/net/netfilter/xt_length.ko
  INSTALL /tmp/tcl-acpi2-stage/lib/modules/6.18.34-tcl-acpi2/kernel/net/netfilter/xt_limit.ko
  INSTALL /tmp/tcl-acpi2-stage/lib/modules/6.18.34-tcl-acpi2/kernel/net/netfilter/xt_mac.ko
  INSTALL /tmp/tcl-acpi2-stage/lib/modules/6.18.34-tcl-acpi2/kernel/net/netfilter/xt_multiport.ko
  INSTALL /tmp/tcl-acpi2-stage/lib/modules/6.18.34-tcl-acpi2/kernel/net/netfilter/xt_nfacct.ko
  INSTALL /tmp/tcl-acpi2-stage/lib/modules/6.18.34-tcl-acpi2/kernel/net/netfilter/xt_osf.ko
  INSTALL /tmp/tcl-acpi2-stage/lib/modules/6.18.34-tcl-acpi2/kernel/net/netfilter/xt_owner.ko
  INSTALL /tmp/tcl-acpi2-stage/lib/modules/6.18.34-tcl-acpi2/kernel/net/netfilter/xt_cgroup.ko
  INSTALL /tmp/tcl-acpi2-stage/lib/modules/6.18.34-tcl-acpi2/kernel/net/netfilter/xt_physdev.ko
  INSTALL /tmp/tcl-acpi2-stage/lib/modules/6.18.34-tcl-acpi2/kernel/net/netfilter/xt_pkttype.ko
  INSTALL /tmp/tcl-acpi2-stage/lib/modules/6.18.34-tcl-acpi2/kernel/net/netfilter/xt_policy.ko
  INSTALL /tmp/tcl-acpi2-stage/lib/modules/6.18.34-tcl-acpi2/kernel/net/netfilter/xt_quota.ko
  INSTALL /tmp/tcl-acpi2-stage/lib/modules/6.18.34-tcl-acpi2/kernel/net/netfilter/xt_rateest.ko
  INSTALL /tmp/tcl-acpi2-stage/lib/modules/6.18.34-tcl-acpi2/kernel/net/netfilter/xt_realm.ko
  INSTALL /tmp/tcl-acpi2-stage/lib/modules/6.18.34-tcl-acpi2/kernel/net/netfilter/xt_recent.ko
  INSTALL /tmp/tcl-acpi2-stage/lib/modules/6.18.34-tcl-acpi2/kernel/net/netfilter/xt_sctp.ko
  INSTALL /tmp/tcl-acpi2-stage/lib/modules/6.18.34-tcl-acpi2/kernel/net/netfilter/xt_socket.ko
  INSTALL /tmp/tcl-acpi2-stage/lib/modules/6.18.34-tcl-acpi2/kernel/net/netfilter/xt_state.ko
  INSTALL /tmp/tcl-acpi2-stage/lib/modules/6.18.34-tcl-acpi2/kernel/net/netfilter/xt_statistic.ko
  INSTALL /tmp/tcl-acpi2-stage/lib/modules/6.18.34-tcl-acpi2/kernel/net/netfilter/xt_string.ko
  INSTALL /tmp/tcl-acpi2-stage/lib/modules/6.18.34-tcl-acpi2/kernel/net/netfilter/xt_tcpmss.ko
  INSTALL /tmp/tcl-acpi2-stage/lib/modules/6.18.34-tcl-acpi2/kernel/net/netfilter/xt_time.ko
  INSTALL /tmp/tcl-acpi2-stage/lib/modules/6.18.34-tcl-acpi2/kernel/net/netfilter/xt_u32.ko
  INSTALL /tmp/tcl-acpi2-stage/lib/modules/6.18.34-tcl-acpi2/kernel/net/netfilter/ipvs/ip_vs.ko
  INSTALL /tmp/tcl-acpi2-stage/lib/modules/6.18.34-tcl-acpi2/kernel/net/netfilter/ipvs/ip_vs_rr.ko
  INSTALL /tmp/tcl-acpi2-stage/lib/modules/6.18.34-tcl-acpi2/kernel/net/ipv4/netfilter/nf_defrag_ipv4.ko
  INSTALL /tmp/tcl-acpi2-stage/lib/modules/6.18.34-tcl-acpi2/kernel/net/ipv4/netfilter/nf_socket_ipv4.ko
  INSTALL /tmp/tcl-acpi2-stage/lib/modules/6.18.34-tcl-acpi2/kernel/net/ipv4/netfilter/nf_tproxy_ipv4.ko
  INSTALL /tmp/tcl-acpi2-stage/lib/modules/6.18.34-tcl-acpi2/kernel/net/ipv4/netfilter/nf_reject_ipv4.ko
  INSTALL /tmp/tcl-acpi2-stage/lib/modules/6.18.34-tcl-acpi2/kernel/net/ipv4/netfilter/nf_nat_h323.ko
  INSTALL /tmp/tcl-acpi2-stage/lib/modules/6.18.34-tcl-acpi2/kernel/net/ipv4/netfilter/nf_nat_pptp.ko
  INSTALL /tmp/tcl-acpi2-stage/lib/modules/6.18.34-tcl-acpi2/kernel/net/ipv4/netfilter/nf_nat_snmp_basic.ko
  INSTALL /tmp/tcl-acpi2-stage/lib/modules/6.18.34-tcl-acpi2/kernel/net/ipv4/netfilter/nft_reject_ipv4.ko
  INSTALL /tmp/tcl-acpi2-stage/lib/modules/6.18.34-tcl-acpi2/kernel/net/ipv4/netfilter/nft_fib_ipv4.ko
  INSTALL /tmp/tcl-acpi2-stage/lib/modules/6.18.34-tcl-acpi2/kernel/net/ipv4/netfilter/ipt_ah.ko
  INSTALL /tmp/tcl-acpi2-stage/lib/modules/6.18.34-tcl-acpi2/kernel/net/ipv4/netfilter/ipt_rpfilter.ko
  INSTALL /tmp/tcl-acpi2-stage/lib/modules/6.18.34-tcl-acpi2/kernel/net/ipv4/netfilter/ipt_ECN.ko
  INSTALL /tmp/tcl-acpi2-stage/lib/modules/6.18.34-tcl-acpi2/kernel/net/ipv4/netfilter/ipt_REJECT.ko
  INSTALL /tmp/tcl-acpi2-stage/lib/modules/6.18.34-tcl-acpi2/kernel/net/ipv4/netfilter/ipt_SYNPROXY.ko
  INSTALL /tmp/tcl-acpi2-stage/lib/modules/6.18.34-tcl-acpi2/kernel/net/ipv4/netfilter/arpt_mangle.ko
  INSTALL /tmp/tcl-acpi2-stage/lib/modules/6.18.34-tcl-acpi2/kernel/net/ipv4/netfilter/nf_dup_ipv4.ko
  INSTALL /tmp/tcl-acpi2-stage/lib/modules/6.18.34-tcl-acpi2/kernel/net/ipv4/ip_tunnel.ko
  INSTALL /tmp/tcl-acpi2-stage/lib/modules/6.18.34-tcl-acpi2/kernel/net/ipv4/udp_tunnel.ko
  INSTALL /tmp/tcl-acpi2-stage/lib/modules/6.18.34-tcl-acpi2/kernel/net/ipv4/esp4.ko
  INSTALL /tmp/tcl-acpi2-stage/lib/modules/6.18.34-tcl-acpi2/kernel/net/ipv4/tunnel4.ko
  INSTALL /tmp/tcl-acpi2-stage/lib/modules/6.18.34-tcl-acpi2/kernel/net/xfrm/xfrm_algo.ko
  INSTALL /tmp/tcl-acpi2-stage/lib/modules/6.18.34-tcl-acpi2/kernel/net/xfrm/xfrm_user.ko
  INSTALL /tmp/tcl-acpi2-stage/lib/modules/6.18.34-tcl-acpi2/kernel/net/ipv6/netfilter/nf_defrag_ipv6.ko
  INSTALL /tmp/tcl-acpi2-stage/lib/modules/6.18.34-tcl-acpi2/kernel/net/ipv6/netfilter/nf_socket_ipv6.ko
  INSTALL /tmp/tcl-acpi2-stage/lib/modules/6.18.34-tcl-acpi2/kernel/net/ipv6/netfilter/nf_tproxy_ipv6.ko
  INSTALL /tmp/tcl-acpi2-stage/lib/modules/6.18.34-tcl-acpi2/kernel/net/ipv6/netfilter/nf_reject_ipv6.ko
  INSTALL /tmp/tcl-acpi2-stage/lib/modules/6.18.34-tcl-acpi2/kernel/net/ipv6/netfilter/nf_dup_ipv6.ko
  INSTALL /tmp/tcl-acpi2-stage/lib/modules/6.18.34-tcl-acpi2/kernel/net/ipv6/netfilter/nft_reject_ipv6.ko
  INSTALL /tmp/tcl-acpi2-stage/lib/modules/6.18.34-tcl-acpi2/kernel/net/ipv6/netfilter/nft_fib_ipv6.ko
  INSTALL /tmp/tcl-acpi2-stage/lib/modules/6.18.34-tcl-acpi2/kernel/net/ipv6/netfilter/ip6t_ah.ko
  INSTALL /tmp/tcl-acpi2-stage/lib/modules/6.18.34-tcl-acpi2/kernel/net/ipv6/netfilter/ip6t_eui64.ko
  INSTALL /tmp/tcl-acpi2-stage/lib/modules/6.18.34-tcl-acpi2/kernel/net/ipv6/netfilter/ip6t_frag.ko
  INSTALL /tmp/tcl-acpi2-stage/lib/modules/6.18.34-tcl-acpi2/kernel/net/ipv6/netfilter/ip6t_ipv6header.ko
  INSTALL /tmp/tcl-acpi2-stage/lib/modules/6.18.34-tcl-acpi2/kernel/net/ipv6/netfilter/ip6t_mh.ko
  INSTALL /tmp/tcl-acpi2-stage/lib/modules/6.18.34-tcl-acpi2/kernel/net/ipv6/netfilter/ip6t_hbh.ko
  INSTALL /tmp/tcl-acpi2-stage/lib/modules/6.18.34-tcl-acpi2/kernel/net/ipv6/netfilter/ip6t_rpfilter.ko
  INSTALL /tmp/tcl-acpi2-stage/lib/modules/6.18.34-tcl-acpi2/kernel/net/ipv6/netfilter/ip6t_rt.ko
  INSTALL /tmp/tcl-acpi2-stage/lib/modules/6.18.34-tcl-acpi2/kernel/net/ipv6/netfilter/ip6t_srh.ko
  INSTALL /tmp/tcl-acpi2-stage/lib/modules/6.18.34-tcl-acpi2/kernel/net/ipv6/netfilter/ip6t_NPT.ko
  INSTALL /tmp/tcl-acpi2-stage/lib/modules/6.18.34-tcl-acpi2/kernel/net/ipv6/netfilter/ip6t_REJECT.ko
  INSTALL /tmp/tcl-acpi2-stage/lib/modules/6.18.34-tcl-acpi2/kernel/net/ipv6/netfilter/ip6t_SYNPROXY.ko
  INSTALL /tmp/tcl-acpi2-stage/lib/modules/6.18.34-tcl-acpi2/kernel/net/ipv6/ipv6.ko
  INSTALL /tmp/tcl-acpi2-stage/lib/modules/6.18.34-tcl-acpi2/kernel/net/ipv6/sit.ko
  INSTALL /tmp/tcl-acpi2-stage/lib/modules/6.18.34-tcl-acpi2/kernel/net/ipv6/ip6_udp_tunnel.ko
  INSTALL /tmp/tcl-acpi2-stage/lib/modules/6.18.34-tcl-acpi2/kernel/net/packet/af_packet_diag.ko
  INSTALL /tmp/tcl-acpi2-stage/lib/modules/6.18.34-tcl-acpi2/kernel/net/dsa/dsa_core.ko
  INSTALL /tmp/tcl-acpi2-stage/lib/modules/6.18.34-tcl-acpi2/kernel/net/dsa/tag_brcm.ko
  INSTALL /tmp/tcl-acpi2-stage/lib/modules/6.18.34-tcl-acpi2/kernel/net/dsa/tag_none.ko
  INSTALL /tmp/tcl-acpi2-stage/lib/modules/6.18.34-tcl-acpi2/kernel/net/8021q/8021q.ko
  INSTALL /tmp/tcl-acpi2-stage/lib/modules/6.18.34-tcl-acpi2/kernel/net/wireless/cfg80211.ko
  INSTALL /tmp/tcl-acpi2-stage/lib/modules/6.18.34-tcl-acpi2/kernel/net/qrtr/qrtr-mhi.ko
  INSTALL /tmp/tcl-acpi2-stage/lib/modules/6.18.34-tcl-acpi2/kernel/net/llc/llc.ko
  INSTALL /tmp/tcl-acpi2-stage/lib/modules/6.18.34-tcl-acpi2/kernel/net/bridge/netfilter/nft_meta_bridge.ko
  INSTALL /tmp/tcl-acpi2-stage/lib/modules/6.18.34-tcl-acpi2/kernel/net/bridge/netfilter/nft_reject_bridge.ko
  INSTALL /tmp/tcl-acpi2-stage/lib/modules/6.18.34-tcl-acpi2/kernel/net/bridge/netfilter/nf_conntrack_bridge.ko
  INSTALL /tmp/tcl-acpi2-stage/lib/modules/6.18.34-tcl-acpi2/kernel/net/bridge/netfilter/ebt_802_3.ko
  INSTALL /tmp/tcl-acpi2-stage/lib/modules/6.18.34-tcl-acpi2/kernel/net/bridge/netfilter/ebt_among.ko
  INSTALL /tmp/tcl-acpi2-stage/lib/modules/6.18.34-tcl-acpi2/kernel/net/bridge/netfilter/ebt_arp.ko
  INSTALL /tmp/tcl-acpi2-stage/lib/modules/6.18.34-tcl-acpi2/kernel/net/bridge/netfilter/ebt_ip.ko
  INSTALL /tmp/tcl-acpi2-stage/lib/modules/6.18.34-tcl-acpi2/kernel/net/bridge/netfilter/ebt_ip6.ko
  INSTALL /tmp/tcl-acpi2-stage/lib/modules/6.18.34-tcl-acpi2/kernel/net/bridge/netfilter/ebt_limit.ko
  INSTALL /tmp/tcl-acpi2-stage/lib/modules/6.18.34-tcl-acpi2/kernel/net/bridge/netfilter/ebt_mark_m.ko
  INSTALL /tmp/tcl-acpi2-stage/lib/modules/6.18.34-tcl-acpi2/kernel/net/bridge/netfilter/ebt_pkttype.ko
  INSTALL /tmp/tcl-acpi2-stage/lib/modules/6.18.34-tcl-acpi2/kernel/net/bridge/netfilter/ebt_stp.ko
  INSTALL /tmp/tcl-acpi2-stage/lib/modules/6.18.34-tcl-acpi2/kernel/net/bridge/netfilter/ebt_vlan.ko
  INSTALL /tmp/tcl-acpi2-stage/lib/modules/6.18.34-tcl-acpi2/kernel/net/bridge/netfilter/ebt_arpreply.ko
  INSTALL /tmp/tcl-acpi2-stage/lib/modules/6.18.34-tcl-acpi2/kernel/net/bridge/netfilter/ebt_mark.ko
  INSTALL /tmp/tcl-acpi2-stage/lib/modules/6.18.34-tcl-acpi2/kernel/net/bridge/netfilter/ebt_dnat.ko
  INSTALL /tmp/tcl-acpi2-stage/lib/modules/6.18.34-tcl-acpi2/kernel/net/bridge/netfilter/ebt_redirect.ko
  INSTALL /tmp/tcl-acpi2-stage/lib/modules/6.18.34-tcl-acpi2/kernel/net/bridge/netfilter/ebt_snat.ko
  INSTALL /tmp/tcl-acpi2-stage/lib/modules/6.18.34-tcl-acpi2/kernel/net/bridge/netfilter/ebt_log.ko
  INSTALL /tmp/tcl-acpi2-stage/lib/modules/6.18.34-tcl-acpi2/kernel/net/bridge/netfilter/ebt_nflog.ko
  INSTALL /tmp/tcl-acpi2-stage/lib/modules/6.18.34-tcl-acpi2/kernel/net/bridge/bridge.ko
  INSTALL /tmp/tcl-acpi2-stage/lib/modules/6.18.34-tcl-acpi2/kernel/net/bridge/br_netfilter.ko
  INSTALL /tmp/tcl-acpi2-stage/lib/modules/6.18.34-tcl-acpi2/kernel/net/can/can.ko
  INSTALL /tmp/tcl-acpi2-stage/lib/modules/6.18.34-tcl-acpi2/kernel/net/can/can-raw.ko
  INSTALL /tmp/tcl-acpi2-stage/lib/modules/6.18.34-tcl-acpi2/kernel/net/can/can-bcm.ko
  INSTALL /tmp/tcl-acpi2-stage/lib/modules/6.18.34-tcl-acpi2/kernel/net/can/can-gw.ko
  INSTALL /tmp/tcl-acpi2-stage/lib/modules/6.18.34-tcl-acpi2/kernel/net/bluetooth/bluetooth.ko
  INSTALL /tmp/tcl-acpi2-stage/lib/modules/6.18.34-tcl-acpi2/kernel/net/bluetooth/rfcomm/rfcomm.ko
  INSTALL /tmp/tcl-acpi2-stage/lib/modules/6.18.34-tcl-acpi2/kernel/net/bluetooth/bnep/bnep.ko
  INSTALL /tmp/tcl-acpi2-stage/lib/modules/6.18.34-tcl-acpi2/kernel/net/bluetooth/hidp/hidp.ko
  INSTALL /tmp/tcl-acpi2-stage/lib/modules/6.18.34-tcl-acpi2/kernel/net/mac80211/mac80211.ko
  INSTALL /tmp/tcl-acpi2-stage/lib/modules/6.18.34-tcl-acpi2/kernel/net/rfkill/rfkill.ko
  INSTALL /tmp/tcl-acpi2-stage/lib/modules/6.18.34-tcl-acpi2/kernel/net/nfc/nfc.ko
  INSTALL /tmp/tcl-acpi2-stage/lib/modules/6.18.34-tcl-acpi2/kernel/net/nfc/nci/nci.ko
  DEPMOD  /tmp/tcl-acpi2-stage/lib/modules/6.18.34-tcl-acpi2
make: Leaving directory '/tmp/tcl-acpi2-linux'
